  Determining projects to restore...
C:\Repo\Hospital\Hospital.Utilities\Hospital.Utilities.csproj : warning NU1602: DotNetOpenAuth.Core 4.3.4.13329 does not provide an inclusive lower bound for dependency Microsoft.Net.Http. Microsoft.Net.Http 2.0.20505 was resolved instead. [C:\Repo\Hospital\Hospital.Web\Hospital.Web.csproj]
C:\Repo\Hospital\Hospital.ViewModels\Hospital.ViewModels.csproj : warning NU1602: DotNetOpenAuth.Core 4.3.4.13329 does not provide an inclusive lower bound for dependency Microsoft.Net.Http. Microsoft.Net.Http 2.0.20505 was resolved instead. [C:\Repo\Hospital\Hospital.Web\Hospital.Web.csproj]
C:\Repo\Hospital\Hospital.Repositories\Hospital.Repositories.csproj : warning NU1602: DotNetOpenAuth.Core 4.3.4.13329 does not provide an inclusive lower bound for dependency Microsoft.Net.Http. Microsoft.Net.Http 2.0.20505 was resolved instead. [C:\Repo\Hospital\Hospital.Web\Hospital.Web.csproj]
C:\Repo\Hospital\Hospital.Models\Hospital.Models.csproj : warning NU1602: DotNetOpenAuth.Core 4.3.4.13329 does not provide an inclusive lower bound for dependency Microsoft.Net.Http. Microsoft.Net.Http 2.0.20505 was resolved instead. [C:\Repo\Hospital\Hospital.Web\Hospital.Web.csproj]
C:\Repo\Hospital\Hospital.ViewModels\Hospital.ViewModels.csproj : warning NU1701: Package 'DotNetOpenAuth.Core 4.3.4.13329' was restored using '.NETFramework,Version=v4.6.1, .NETFramework,Version=v4.6.2, .NETFramework,Version=v4.7, .NETFramework,Version=v4.7.1, .NETFramework,Version=v4.7.2, .NETFramework,Version=v4.8, .NETFramework,Version=v4.8.1' instead of the project target framework 'net8.0'. This package may not be fully compatible with your project. [C:\Repo\Hospital\Hospital.Web\Hospital.Web.csproj]
C:\Repo\Hospital\Hospital.Repositories\Hospital.Repositories.csproj : warning NU1701: Package 'DotNetOpenAuth.Core 4.3.4.13329' was restored using '.NETFramework,Version=v4.6.1, .NETFramework,Version=v4.6.2, .NETFramework,Version=v4.7, .NETFramework,Version=v4.7.1, .NETFramework,Version=v4.7.2, .NETFramework,Version=v4.8, .NETFramework,Version=v4.8.1' instead of the project target framework 'net8.0'. This package may not be fully compatible with your project. [C:\Repo\Hospital\Hospital.Web\Hospital.Web.csproj]
C:\Repo\Hospital\Hospital.Models\Hospital.Models.csproj : warning NU1701: Package 'DotNetOpenAuth.Core 4.3.4.13329' was restored using '.NETFramework,Version=v4.6.1, .NETFramework,Version=v4.6.2, .NETFramework,Version=v4.7, .NETFramework,Version=v4.7.1, .NETFramework,Version=v4.7.2, .NETFramework,Version=v4.8, .NETFramework,Version=v4.8.1' instead of the project target framework 'net8.0'. This package may not be fully compatible with your project. [C:\Repo\Hospital\Hospital.Web\Hospital.Web.csproj]
C:\Repo\Hospital\Hospital.ViewModels\Hospital.ViewModels.csproj : warning NU1701: Package 'DotNetOpenAuth.OpenId.Core 4.3.4.13329' was restored using '.NETFramework,Version=v4.6.1, .NETFramework,Version=v4.6.2, .NETFramework,Version=v4.7, .NETFramework,Version=v4.7.1, .NETFramework,Version=v4.7.2, .NETFramework,Version=v4.8, .NETFramework,Version=v4.8.1' instead of the project target framework 'net8.0'. This package may not be fully compatible with your project. [C:\Repo\Hospital\Hospital.Web\Hospital.Web.csproj]
C:\Repo\Hospital\Hospital.Utilities\Hospital.Utilities.csproj : warning NU1701: Package 'DotNetOpenAuth.Core 4.3.4.13329' was restored using '.NETFramework,Version=v4.6.1, .NETFramework,Version=v4.6.2, .NETFramework,Version=v4.7, .NETFramework,Version=v4.7.1, .NETFramework,Version=v4.7.2, .NETFramework,Version=v4.8, .NETFramework,Version=v4.8.1' instead of the project target framework 'net8.0'. This package may not be fully compatible with your project. [C:\Repo\Hospital\Hospital.Web\Hospital.Web.csproj]
C:\Repo\Hospital\Hospital.ViewModels\Hospital.ViewModels.csproj : warning NU1701: Package 'Microsoft.Net.Http 2.0.20505' was restored using '.NETFramework,Version=v4.6.1, .NETFramework,Version=v4.6.2, .NETFramework,Version=v4.7, .NETFramework,Version=v4.7.1, .NETFramework,Version=v4.7.2, .NETFramework,Version=v4.8, .NETFramework,Version=v4.8.1' instead of the project target framework 'net8.0'. This package may not be fully compatible with your project. [C:\Repo\Hospital\Hospital.Web\Hospital.Web.csproj]
C:\Repo\Hospital\Hospital.Repositories\Hospital.Repositories.csproj : warning NU1701: Package 'DotNetOpenAuth.OpenId.Core 4.3.4.13329' was restored using '.NETFramework,Version=v4.6.1, .NETFramework,Version=v4.6.2, .NETFramework,Version=v4.7, .NETFramework,Version=v4.7.1, .NETFramework,Version=v4.7.2, .NETFramework,Version=v4.8, .NETFramework,Version=v4.8.1' instead of the project target framework 'net8.0'. This package may not be fully compatible with your project. [C:\Repo\Hospital\Hospital.Web\Hospital.Web.csproj]
C:\Repo\Hospital\Hospital.Models\Hospital.Models.csproj : warning NU1701: Package 'DotNetOpenAuth.OpenId.Core 4.3.4.13329' was restored using '.NETFramework,Version=v4.6.1, .NETFramework,Version=v4.6.2, .NETFramework,Version=v4.7, .NETFramework,Version=v4.7.1, .NETFramework,Version=v4.7.2, .NETFramework,Version=v4.8, .NETFramework,Version=v4.8.1' instead of the project target framework 'net8.0'. This package may not be fully compatible with your project. [C:\Repo\Hospital\Hospital.Web\Hospital.Web.csproj]
C:\Repo\Hospital\Hospital.Utilities\Hospital.Utilities.csproj : warning NU1701: Package 'DotNetOpenAuth.OpenId.Core 4.3.4.13329' was restored using '.NETFramework,Version=v4.6.1, .NETFramework,Version=v4.6.2, .NETFramework,Version=v4.7, .NETFramework,Version=v4.7.1, .NETFramework,Version=v4.7.2, .NETFramework,Version=v4.8, .NETFramework,Version=v4.8.1' instead of the project target framework 'net8.0'. This package may not be fully compatible with your project. [C:\Repo\Hospital\Hospital.Web\Hospital.Web.csproj]
C:\Repo\Hospital\Hospital.Repositories\Hospital.Repositories.csproj : warning NU1701: Package 'Microsoft.Net.Http 2.0.20505' was restored using '.NETFramework,Version=v4.6.1, .NETFramework,Version=v4.6.2, .NETFramework,Version=v4.7, .NETFramework,Version=v4.7.1, .NETFramework,Version=v4.7.2, .NETFramework,Version=v4.8, .NETFramework,Version=v4.8.1' instead of the project target framework 'net8.0'. This package may not be fully compatible with your project. [C:\Repo\Hospital\Hospital.Web\Hospital.Web.csproj]
C:\Repo\Hospital\Hospital.Utilities\Hospital.Utilities.csproj : warning NU1701: Package 'Microsoft.Net.Http 2.0.20505' was restored using '.NETFramework,Version=v4.6.1, .NETFramework,Version=v4.6.2, .NETFramework,Version=v4.7, .NETFramework,Version=v4.7.1, .NETFramework,Version=v4.7.2, .NETFramework,Version=v4.8, .NETFramework,Version=v4.8.1' instead of the project target framework 'net8.0'. This package may not be fully compatible with your project. [C:\Repo\Hospital\Hospital.Web\Hospital.Web.csproj]
C:\Repo\Hospital\Hospital.Models\Hospital.Models.csproj : warning NU1701: Package 'Microsoft.Net.Http 2.0.20505' was restored using '.NETFramework,Version=v4.6.1, .NETFramework,Version=v4.6.2, .NETFramework,Version=v4.7, .NETFramework,Version=v4.7.1, .NETFramework,Version=v4.7.2, .NETFramework,Version=v4.8, .NETFramework,Version=v4.8.1' instead of the project target framework 'net8.0'. This package may not be fully compatible with your project. [C:\Repo\Hospital\Hospital.Web\Hospital.Web.csproj]
C:\Repo\Hospital\Hospital.Web\Hospital.Web.csproj : warning NU1602: DotNetOpenAuth.Core 4.3.4.13329 does not provide an inclusive lower bound for dependency Microsoft.Net.Http. Microsoft.Net.Http 2.0.20505 was resolved instead.
C:\Repo\Hospital\Hospital.Web\Hospital.Web.csproj : warning NU1701: Package 'DotNetOpenAuth.Core 4.3.4.13329' was restored using '.NETFramework,Version=v4.6.1, .NETFramework,Version=v4.6.2, .NETFramework,Version=v4.7, .NETFramework,Version=v4.7.1, .NETFramework,Version=v4.7.2, .NETFramework,Version=v4.8, .NETFramework,Version=v4.8.1' instead of the project target framework 'net8.0'. This package may not be fully compatible with your project.
C:\Repo\Hospital\Hospital.Web\Hospital.Web.csproj : warning NU1701: Package 'DotNetOpenAuth.OpenId.Core 4.3.4.13329' was restored using '.NETFramework,Version=v4.6.1, .NETFramework,Version=v4.6.2, .NETFramework,Version=v4.7, .NETFramework,Version=v4.7.1, .NETFramework,Version=v4.7.2, .NETFramework,Version=v4.8, .NETFramework,Version=v4.8.1' instead of the project target framework 'net8.0'. This package may not be fully compatible with your project.
C:\Repo\Hospital\Hospital.Web\Hospital.Web.csproj : warning NU1701: Package 'Microsoft.Net.Http 2.0.20505' was restored using '.NETFramework,Version=v4.6.1, .NETFramework,Version=v4.6.2, .NETFramework,Version=v4.7, .NETFramework,Version=v4.7.1, .NETFramework,Version=v4.7.2, .NETFramework,Version=v4.8, .NETFramework,Version=v4.8.1' instead of the project target framework 'net8.0'. This package may not be fully compatible with your project.
C:\Repo\Hospital\Hospital.Services\Hospital.Services.csproj : warning NU1602: DotNetOpenAuth.Core 4.3.4.13329 does not provide an inclusive lower bound for dependency Microsoft.Net.Http. Microsoft.Net.Http 2.0.20505 was resolved instead. [C:\Repo\Hospital\Hospital.Web\Hospital.Web.csproj]
C:\Repo\Hospital\Hospital.Services\Hospital.Services.csproj : warning NU1701: Package 'DotNetOpenAuth.Core 4.3.4.13329' was restored using '.NETFramework,Version=v4.6.1, .NETFramework,Version=v4.6.2, .NETFramework,Version=v4.7, .NETFramework,Version=v4.7.1, .NETFramework,Version=v4.7.2, .NETFramework,Version=v4.8, .NETFramework,Version=v4.8.1' instead of the project target framework 'net8.0'. This package may not be fully compatible with your project. [C:\Repo\Hospital\Hospital.Web\Hospital.Web.csproj]
C:\Repo\Hospital\Hospital.Services\Hospital.Services.csproj : warning NU1701: Package 'DotNetOpenAuth.OpenId.Core 4.3.4.13329' was restored using '.NETFramework,Version=v4.6.1, .NETFramework,Version=v4.6.2, .NETFramework,Version=v4.7, .NETFramework,Version=v4.7.1, .NETFramework,Version=v4.7.2, .NETFramework,Version=v4.8, .NETFramework,Version=v4.8.1' instead of the project target framework 'net8.0'. This package may not be fully compatible with your project. [C:\Repo\Hospital\Hospital.Web\Hospital.Web.csproj]
C:\Repo\Hospital\Hospital.Services\Hospital.Services.csproj : warning NU1701: Package 'Microsoft.Net.Http 2.0.20505' was restored using '.NETFramework,Version=v4.6.1, .NETFramework,Version=v4.6.2, .NETFramework,Version=v4.7, .NETFramework,Version=v4.7.1, .NETFramework,Version=v4.7.2, .NETFramework,Version=v4.8, .NETFramework,Version=v4.8.1' instead of the project target framework 'net8.0'. This package may not be fully compatible with your project. [C:\Repo\Hospital\Hospital.Web\Hospital.Web.csproj]
  All projects are up-to-date for restore.
C:\Repo\Hospital\Hospital.Web\Hospital.Web.csproj : warning NU1602: DotNetOpenAuth.Core 4.3.4.13329 does not provide an inclusive lower bound for dependency Microsoft.Net.Http. Microsoft.Net.Http 2.0.20505 was resolved instead.
C:\Repo\Hospital\Hospital.Web\Hospital.Web.csproj : warning NU1701: Package 'DotNetOpenAuth.Core 4.3.4.13329' was restored using '.NETFramework,Version=v4.6.1, .NETFramework,Version=v4.6.2, .NETFramework,Version=v4.7, .NETFramework,Version=v4.7.1, .NETFramework,Version=v4.7.2, .NETFramework,Version=v4.8, .NETFramework,Version=v4.8.1' instead of the project target framework 'net8.0'. This package may not be fully compatible with your project.
C:\Repo\Hospital\Hospital.Web\Hospital.Web.csproj : warning NU1701: Package 'DotNetOpenAuth.OpenId.Core 4.3.4.13329' was restored using '.NETFramework,Version=v4.6.1, .NETFramework,Version=v4.6.2, .NETFramework,Version=v4.7, .NETFramework,Version=v4.7.1, .NETFramework,Version=v4.7.2, .NETFramework,Version=v4.8, .NETFramework,Version=v4.8.1' instead of the project target framework 'net8.0'. This package may not be fully compatible with your project.
C:\Repo\Hospital\Hospital.Web\Hospital.Web.csproj : warning NU1701: Package 'Microsoft.Net.Http 2.0.20505' was restored using '.NETFramework,Version=v4.6.1, .NETFramework,Version=v4.6.2, .NETFramework,Version=v4.7, .NETFramework,Version=v4.7.1, .NETFramework,Version=v4.7.2, .NETFramework,Version=v4.8, .NETFramework,Version=v4.8.1' instead of the project target framework 'net8.0'. This package may not be fully compatible with your project.
C:\Repo\Hospital\Hospital.Models\Hospital.Models.csproj : warning NU1602: DotNetOpenAuth.Core 4.3.4.13329 does not provide an inclusive lower bound for dependency Microsoft.Net.Http. Microsoft.Net.Http 2.0.20505 was resolved instead.
C:\Repo\Hospital\Hospital.Models\Hospital.Models.csproj : warning NU1701: Package 'DotNetOpenAuth.Core 4.3.4.13329' was restored using '.NETFramework,Version=v4.6.1, .NETFramework,Version=v4.6.2, .NETFramework,Version=v4.7, .NETFramework,Version=v4.7.1, .NETFramework,Version=v4.7.2, .NETFramework,Version=v4.8, .NETFramework,Version=v4.8.1' instead of the project target framework 'net8.0'. This package may not be fully compatible with your project.
C:\Repo\Hospital\Hospital.Models\Hospital.Models.csproj : warning NU1701: Package 'DotNetOpenAuth.OpenId.Core 4.3.4.13329' was restored using '.NETFramework,Version=v4.6.1, .NETFramework,Version=v4.6.2, .NETFramework,Version=v4.7, .NETFramework,Version=v4.7.1, .NETFramework,Version=v4.7.2, .NETFramework,Version=v4.8, .NETFramework,Version=v4.8.1' instead of the project target framework 'net8.0'. This package may not be fully compatible with your project.
C:\Repo\Hospital\Hospital.Services\Hospital.Services.csproj : warning NU1602: DotNetOpenAuth.Core 4.3.4.13329 does not provide an inclusive lower bound for dependency Microsoft.Net.Http. Microsoft.Net.Http 2.0.20505 was resolved instead.
C:\Repo\Hospital\Hospital.Models\Hospital.Models.csproj : warning NU1701: Package 'Microsoft.Net.Http 2.0.20505' was restored using '.NETFramework,Version=v4.6.1, .NETFramework,Version=v4.6.2, .NETFramework,Version=v4.7, .NETFramework,Version=v4.7.1, .NETFramework,Version=v4.7.2, .NETFramework,Version=v4.8, .NETFramework,Version=v4.8.1' instead of the project target framework 'net8.0'. This package may not be fully compatible with your project.
C:\Repo\Hospital\Hospital.Services\Hospital.Services.csproj : warning NU1701: Package 'DotNetOpenAuth.Core 4.3.4.13329' was restored using '.NETFramework,Version=v4.6.1, .NETFramework,Version=v4.6.2, .NETFramework,Version=v4.7, .NETFramework,Version=v4.7.1, .NETFramework,Version=v4.7.2, .NETFramework,Version=v4.8, .NETFramework,Version=v4.8.1' instead of the project target framework 'net8.0'. This package may not be fully compatible with your project.
C:\Repo\Hospital\Hospital.Repositories\Hospital.Repositories.csproj : warning NU1602: DotNetOpenAuth.Core 4.3.4.13329 does not provide an inclusive lower bound for dependency Microsoft.Net.Http. Microsoft.Net.Http 2.0.20505 was resolved instead.
C:\Repo\Hospital\Hospital.Repositories\Hospital.Repositories.csproj : warning NU1701: Package 'DotNetOpenAuth.Core 4.3.4.13329' was restored using '.NETFramework,Version=v4.6.1, .NETFramework,Version=v4.6.2, .NETFramework,Version=v4.7, .NETFramework,Version=v4.7.1, .NETFramework,Version=v4.7.2, .NETFramework,Version=v4.8, .NETFramework,Version=v4.8.1' instead of the project target framework 'net8.0'. This package may not be fully compatible with your project.
C:\Repo\Hospital\Hospital.Repositories\Hospital.Repositories.csproj : warning NU1701: Package 'DotNetOpenAuth.OpenId.Core 4.3.4.13329' was restored using '.NETFramework,Version=v4.6.1, .NETFramework,Version=v4.6.2, .NETFramework,Version=v4.7, .NETFramework,Version=v4.7.1, .NETFramework,Version=v4.7.2, .NETFramework,Version=v4.8, .NETFramework,Version=v4.8.1' instead of the project target framework 'net8.0'. This package may not be fully compatible with your project.
C:\Repo\Hospital\Hospital.Repositories\Hospital.Repositories.csproj : warning NU1701: Package 'Microsoft.Net.Http 2.0.20505' was restored using '.NETFramework,Version=v4.6.1, .NETFramework,Version=v4.6.2, .NETFramework,Version=v4.7, .NETFramework,Version=v4.7.1, .NETFramework,Version=v4.7.2, .NETFramework,Version=v4.8, .NETFramework,Version=v4.8.1' instead of the project target framework 'net8.0'. This package may not be fully compatible with your project.
C:\Repo\Hospital\Hospital.ViewModels\Hospital.ViewModels.csproj : warning NU1602: DotNetOpenAuth.Core 4.3.4.13329 does not provide an inclusive lower bound for dependency Microsoft.Net.Http. Microsoft.Net.Http 2.0.20505 was resolved instead.
C:\Repo\Hospital\Hospital.ViewModels\Hospital.ViewModels.csproj : warning NU1701: Package 'DotNetOpenAuth.Core 4.3.4.13329' was restored using '.NETFramework,Version=v4.6.1, .NETFramework,Version=v4.6.2, .NETFramework,Version=v4.7, .NETFramework,Version=v4.7.1, .NETFramework,Version=v4.7.2, .NETFramework,Version=v4.8, .NETFramework,Version=v4.8.1' instead of the project target framework 'net8.0'. This package may not be fully compatible with your project.
C:\Repo\Hospital\Hospital.Services\Hospital.Services.csproj : warning NU1701: Package 'DotNetOpenAuth.OpenId.Core 4.3.4.13329' was restored using '.NETFramework,Version=v4.6.1, .NETFramework,Version=v4.6.2, .NETFramework,Version=v4.7, .NETFramework,Version=v4.7.1, .NETFramework,Version=v4.7.2, .NETFramework,Version=v4.8, .NETFramework,Version=v4.8.1' instead of the project target framework 'net8.0'. This package may not be fully compatible with your project.
C:\Repo\Hospital\Hospital.ViewModels\Hospital.ViewModels.csproj : warning NU1701: Package 'DotNetOpenAuth.OpenId.Core 4.3.4.13329' was restored using '.NETFramework,Version=v4.6.1, .NETFramework,Version=v4.6.2, .NETFramework,Version=v4.7, .NETFramework,Version=v4.7.1, .NETFramework,Version=v4.7.2, .NETFramework,Version=v4.8, .NETFramework,Version=v4.8.1' instead of the project target framework 'net8.0'. This package may not be fully compatible with your project.
C:\Repo\Hospital\Hospital.Services\Hospital.Services.csproj : warning NU1701: Package 'Microsoft.Net.Http 2.0.20505' was restored using '.NETFramework,Version=v4.6.1, .NETFramework,Version=v4.6.2, .NETFramework,Version=v4.7, .NETFramework,Version=v4.7.1, .NETFramework,Version=v4.7.2, .NETFramework,Version=v4.8, .NETFramework,Version=v4.8.1' instead of the project target framework 'net8.0'. This package may not be fully compatible with your project.
C:\Repo\Hospital\Hospital.ViewModels\Hospital.ViewModels.csproj : warning NU1701: Package 'Microsoft.Net.Http 2.0.20505' was restored using '.NETFramework,Version=v4.6.1, .NETFramework,Version=v4.6.2, .NETFramework,Version=v4.7, .NETFramework,Version=v4.7.1, .NETFramework,Version=v4.7.2, .NETFramework,Version=v4.8, .NETFramework,Version=v4.8.1' instead of the project target framework 'net8.0'. This package may not be fully compatible with your project.
C:\Repo\Hospital\Hospital.Utilities\Hospital.Utilities.csproj : warning NU1602: DotNetOpenAuth.Core 4.3.4.13329 does not provide an inclusive lower bound for dependency Microsoft.Net.Http. Microsoft.Net.Http 2.0.20505 was resolved instead.
C:\Repo\Hospital\Hospital.Utilities\Hospital.Utilities.csproj : warning NU1701: Package 'DotNetOpenAuth.Core 4.3.4.13329' was restored using '.NETFramework,Version=v4.6.1, .NETFramework,Version=v4.6.2, .NETFramework,Version=v4.7, .NETFramework,Version=v4.7.1, .NETFramework,Version=v4.7.2, .NETFramework,Version=v4.8, .NETFramework,Version=v4.8.1' instead of the project target framework 'net8.0'. This package may not be fully compatible with your project.
C:\Repo\Hospital\Hospital.Utilities\Hospital.Utilities.csproj : warning NU1701: Package 'DotNetOpenAuth.OpenId.Core 4.3.4.13329' was restored using '.NETFramework,Version=v4.6.1, .NETFramework,Version=v4.6.2, .NETFramework,Version=v4.7, .NETFramework,Version=v4.7.1, .NETFramework,Version=v4.7.2, .NETFramework,Version=v4.8, .NETFramework,Version=v4.8.1' instead of the project target framework 'net8.0'. This package may not be fully compatible with your project.
C:\Repo\Hospital\Hospital.Utilities\Hospital.Utilities.csproj : warning NU1701: Package 'Microsoft.Net.Http 2.0.20505' was restored using '.NETFramework,Version=v4.6.1, .NETFramework,Version=v4.6.2, .NETFramework,Version=v4.7, .NETFramework,Version=v4.7.1, .NETFramework,Version=v4.7.2, .NETFramework,Version=v4.8, .NETFramework,Version=v4.8.1' instead of the project target framework 'net8.0'. This package may not be fully compatible with your project.
  Hospital.Models -> C:\Repo\Hospital\Hospital.Models\bin\Debug\net8.0\Hospital.Models.dll
  Hospital.Repositories -> C:\Repo\Hospital\Hospital.Repositories\bin\Debug\net8.0\Hospital.Repositories.dll
  Hospital.ViewModels -> C:\Repo\Hospital\Hospital.ViewModels\bin\Debug\net8.0\Hospital.ViewModels.dll
  Hospital.Utilities -> C:\Repo\Hospital\Hospital.Utilities\bin\Debug\net8.0\Hospital.Utilities.dll
  Hospital.Services -> C:\Repo\Hospital\Hospital.Services\bin\Debug\net8.0\Hospital.Services.dll
C:\Repo\Hospital\Hospital.Web\Areas\Admin\Controllers\DashboardController.cs(19,26): error CS0246: The type or namespace name 'IUnitOfWork' could not be found (are you missing a using directive or an assembly reference?) [C:\Repo\Hospital\Hospital.Web\Hospital.Web.csproj]
C:\Repo\Hospital\Hospital.Web\Areas\Admin\Controllers\DashboardController.cs(25,13): error CS0246: The type or namespace name 'IUnitOfWork' could not be found (are you missing a using directive or an assembly reference?) [C:\Repo\Hospital\Hospital.Web\Hospital.Web.csproj]

Build FAILED.

C:\Repo\Hospital\Hospital.Utilities\Hospital.Utilities.csproj : warning NU1602: DotNetOpenAuth.Core 4.3.4.13329 does not provide an inclusive lower bound for dependency Microsoft.Net.Http. Microsoft.Net.Http 2.0.20505 was resolved instead. [C:\Repo\Hospital\Hospital.Web\Hospital.Web.csproj]
C:\Repo\Hospital\Hospital.ViewModels\Hospital.ViewModels.csproj : warning NU1602: DotNetOpenAuth.Core 4.3.4.13329 does not provide an inclusive lower bound for dependency Microsoft.Net.Http. Microsoft.Net.Http 2.0.20505 was resolved instead. [C:\Repo\Hospital\Hospital.Web\Hospital.Web.csproj]
C:\Repo\Hospital\Hospital.Repositories\Hospital.Repositories.csproj : warning NU1602: DotNetOpenAuth.Core 4.3.4.13329 does not provide an inclusive lower bound for dependency Microsoft.Net.Http. Microsoft.Net.Http 2.0.20505 was resolved instead. [C:\Repo\Hospital\Hospital.Web\Hospital.Web.csproj]
C:\Repo\Hospital\Hospital.Models\Hospital.Models.csproj : warning NU1602: DotNetOpenAuth.Core 4.3.4.13329 does not provide an inclusive lower bound for dependency Microsoft.Net.Http. Microsoft.Net.Http 2.0.20505 was resolved instead. [C:\Repo\Hospital\Hospital.Web\Hospital.Web.csproj]
C:\Repo\Hospital\Hospital.ViewModels\Hospital.ViewModels.csproj : warning NU1701: Package 'DotNetOpenAuth.Core 4.3.4.13329' was restored using '.NETFramework,Version=v4.6.1, .NETFramework,Version=v4.6.2, .NETFramework,Version=v4.7, .NETFramework,Version=v4.7.1, .NETFramework,Version=v4.7.2, .NETFramework,Version=v4.8, .NETFramework,Version=v4.8.1' instead of the project target framework 'net8.0'. This package may not be fully compatible with your project. [C:\Repo\Hospital\Hospital.Web\Hospital.Web.csproj]
C:\Repo\Hospital\Hospital.Repositories\Hospital.Repositories.csproj : warning NU1701: Package 'DotNetOpenAuth.Core 4.3.4.13329' was restored using '.NETFramework,Version=v4.6.1, .NETFramework,Version=v4.6.2, .NETFramework,Version=v4.7, .NETFramework,Version=v4.7.1, .NETFramework,Version=v4.7.2, .NETFramework,Version=v4.8, .NETFramework,Version=v4.8.1' instead of the project target framework 'net8.0'. This package may not be fully compatible with your project. [C:\Repo\Hospital\Hospital.Web\Hospital.Web.csproj]
C:\Repo\Hospital\Hospital.Models\Hospital.Models.csproj : warning NU1701: Package 'DotNetOpenAuth.Core 4.3.4.13329' was restored using '.NETFramework,Version=v4.6.1, .NETFramework,Version=v4.6.2, .NETFramework,Version=v4.7, .NETFramework,Version=v4.7.1, .NETFramework,Version=v4.7.2, .NETFramework,Version=v4.8, .NETFramework,Version=v4.8.1' instead of the project target framework 'net8.0'. This package may not be fully compatible with your project. [C:\Repo\Hospital\Hospital.Web\Hospital.Web.csproj]
C:\Repo\Hospital\Hospital.ViewModels\Hospital.ViewModels.csproj : warning NU1701: Package 'DotNetOpenAuth.OpenId.Core 4.3.4.13329' was restored using '.NETFramework,Version=v4.6.1, .NETFramework,Version=v4.6.2, .NETFramework,Version=v4.7, .NETFramework,Version=v4.7.1, .NETFramework,Version=v4.7.2, .NETFramework,Version=v4.8, .NETFramework,Version=v4.8.1' instead of the project target framework 'net8.0'. This package may not be fully compatible with your project. [C:\Repo\Hospital\Hospital.Web\Hospital.Web.csproj]
C:\Repo\Hospital\Hospital.Utilities\Hospital.Utilities.csproj : warning NU1701: Package 'DotNetOpenAuth.Core 4.3.4.13329' was restored using '.NETFramework,Version=v4.6.1, .NETFramework,Version=v4.6.2, .NETFramework,Version=v4.7, .NETFramework,Version=v4.7.1, .NETFramework,Version=v4.7.2, .NETFramework,Version=v4.8, .NETFramework,Version=v4.8.1' instead of the project target framework 'net8.0'. This package may not be fully compatible with your project. [C:\Repo\Hospital\Hospital.Web\Hospital.Web.csproj]
C:\Repo\Hospital\Hospital.ViewModels\Hospital.ViewModels.csproj : warning NU1701: Package 'Microsoft.Net.Http 2.0.20505' was restored using '.NETFramework,Version=v4.6.1, .NETFramework,Version=v4.6.2, .NETFramework,Version=v4.7, .NETFramework,Version=v4.7.1, .NETFramework,Version=v4.7.2, .NETFramework,Version=v4.8, .NETFramework,Version=v4.8.1' instead of the project target framework 'net8.0'. This package may not be fully compatible with your project. [C:\Repo\Hospital\Hospital.Web\Hospital.Web.csproj]
C:\Repo\Hospital\Hospital.Repositories\Hospital.Repositories.csproj : warning NU1701: Package 'DotNetOpenAuth.OpenId.Core 4.3.4.13329' was restored using '.NETFramework,Version=v4.6.1, .NETFramework,Version=v4.6.2, .NETFramework,Version=v4.7, .NETFramework,Version=v4.7.1, .NETFramework,Version=v4.7.2, .NETFramework,Version=v4.8, .NETFramework,Version=v4.8.1' instead of the project target framework 'net8.0'. This package may not be fully compatible with your project. [C:\Repo\Hospital\Hospital.Web\Hospital.Web.csproj]
C:\Repo\Hospital\Hospital.Models\Hospital.Models.csproj : warning NU1701: Package 'DotNetOpenAuth.OpenId.Core 4.3.4.13329' was restored using '.NETFramework,Version=v4.6.1, .NETFramework,Version=v4.6.2, .NETFramework,Version=v4.7, .NETFramework,Version=v4.7.1, .NETFramework,Version=v4.7.2, .NETFramework,Version=v4.8, .NETFramework,Version=v4.8.1' instead of the project target framework 'net8.0'. This package may not be fully compatible with your project. [C:\Repo\Hospital\Hospital.Web\Hospital.Web.csproj]
C:\Repo\Hospital\Hospital.Utilities\Hospital.Utilities.csproj : warning NU1701: Package 'DotNetOpenAuth.OpenId.Core 4.3.4.13329' was restored using '.NETFramework,Version=v4.6.1, .NETFramework,Version=v4.6.2, .NETFramework,Version=v4.7, .NETFramework,Version=v4.7.1, .NETFramework,Version=v4.7.2, .NETFramework,Version=v4.8, .NETFramework,Version=v4.8.1' instead of the project target framework 'net8.0'. This package may not be fully compatible with your project. [C:\Repo\Hospital\Hospital.Web\Hospital.Web.csproj]
C:\Repo\Hospital\Hospital.Repositories\Hospital.Repositories.csproj : warning NU1701: Package 'Microsoft.Net.Http 2.0.20505' was restored using '.NETFramework,Version=v4.6.1, .NETFramework,Version=v4.6.2, .NETFramework,Version=v4.7, .NETFramework,Version=v4.7.1, .NETFramework,Version=v4.7.2, .NETFramework,Version=v4.8, .NETFramework,Version=v4.8.1' instead of the project target framework 'net8.0'. This package may not be fully compatible with your project. [C:\Repo\Hospital\Hospital.Web\Hospital.Web.csproj]
C:\Repo\Hospital\Hospital.Utilities\Hospital.Utilities.csproj : warning NU1701: Package 'Microsoft.Net.Http 2.0.20505' was restored using '.NETFramework,Version=v4.6.1, .NETFramework,Version=v4.6.2, .NETFramework,Version=v4.7, .NETFramework,Version=v4.7.1, .NETFramework,Version=v4.7.2, .NETFramework,Version=v4.8, .NETFramework,Version=v4.8.1' instead of the project target framework 'net8.0'. This package may not be fully compatible with your project. [C:\Repo\Hospital\Hospital.Web\Hospital.Web.csproj]
C:\Repo\Hospital\Hospital.Models\Hospital.Models.csproj : warning NU1701: Package 'Microsoft.Net.Http 2.0.20505' was restored using '.NETFramework,Version=v4.6.1, .NETFramework,Version=v4.6.2, .NETFramework,Version=v4.7, .NETFramework,Version=v4.7.1, .NETFramework,Version=v4.7.2, .NETFramework,Version=v4.8, .NETFramework,Version=v4.8.1' instead of the project target framework 'net8.0'. This package may not be fully compatible with your project. [C:\Repo\Hospital\Hospital.Web\Hospital.Web.csproj]
C:\Repo\Hospital\Hospital.Web\Hospital.Web.csproj : warning NU1602: DotNetOpenAuth.Core 4.3.4.13329 does not provide an inclusive lower bound for dependency Microsoft.Net.Http. Microsoft.Net.Http 2.0.20505 was resolved instead.
C:\Repo\Hospital\Hospital.Web\Hospital.Web.csproj : warning NU1701: Package 'DotNetOpenAuth.Core 4.3.4.13329' was restored using '.NETFramework,Version=v4.6.1, .NETFramework,Version=v4.6.2, .NETFramework,Version=v4.7, .NETFramework,Version=v4.7.1, .NETFramework,Version=v4.7.2, .NETFramework,Version=v4.8, .NETFramework,Version=v4.8.1' instead of the project target framework 'net8.0'. This package may not be fully compatible with your project.
C:\Repo\Hospital\Hospital.Web\Hospital.Web.csproj : warning NU1701: Package 'DotNetOpenAuth.OpenId.Core 4.3.4.13329' was restored using '.NETFramework,Version=v4.6.1, .NETFramework,Version=v4.6.2, .NETFramework,Version=v4.7, .NETFramework,Version=v4.7.1, .NETFramework,Version=v4.7.2, .NETFramework,Version=v4.8, .NETFramework,Version=v4.8.1' instead of the project target framework 'net8.0'. This package may not be fully compatible with your project.
C:\Repo\Hospital\Hospital.Web\Hospital.Web.csproj : warning NU1701: Package 'Microsoft.Net.Http 2.0.20505' was restored using '.NETFramework,Version=v4.6.1, .NETFramework,Version=v4.6.2, .NETFramework,Version=v4.7, .NETFramework,Version=v4.7.1, .NETFramework,Version=v4.7.2, .NETFramework,Version=v4.8, .NETFramework,Version=v4.8.1' instead of the project target framework 'net8.0'. This package may not be fully compatible with your project.
C:\Repo\Hospital\Hospital.Services\Hospital.Services.csproj : warning NU1602: DotNetOpenAuth.Core 4.3.4.13329 does not provide an inclusive lower bound for dependency Microsoft.Net.Http. Microsoft.Net.Http 2.0.20505 was resolved instead. [C:\Repo\Hospital\Hospital.Web\Hospital.Web.csproj]
C:\Repo\Hospital\Hospital.Services\Hospital.Services.csproj : warning NU1701: Package 'DotNetOpenAuth.Core 4.3.4.13329' was restored using '.NETFramework,Version=v4.6.1, .NETFramework,Version=v4.6.2, .NETFramework,Version=v4.7, .NETFramework,Version=v4.7.1, .NETFramework,Version=v4.7.2, .NETFramework,Version=v4.8, .NETFramework,Version=v4.8.1' instead of the project target framework 'net8.0'. This package may not be fully compatible with your project. [C:\Repo\Hospital\Hospital.Web\Hospital.Web.csproj]
C:\Repo\Hospital\Hospital.Services\Hospital.Services.csproj : warning NU1701: Package 'DotNetOpenAuth.OpenId.Core 4.3.4.13329' was restored using '.NETFramework,Version=v4.6.1, .NETFramework,Version=v4.6.2, .NETFramework,Version=v4.7, .NETFramework,Version=v4.7.1, .NETFramework,Version=v4.7.2, .NETFramework,Version=v4.8, .NETFramework,Version=v4.8.1' instead of the project target framework 'net8.0'. This package may not be fully compatible with your project. [C:\Repo\Hospital\Hospital.Web\Hospital.Web.csproj]
C:\Repo\Hospital\Hospital.Services\Hospital.Services.csproj : warning NU1701: Package 'Microsoft.Net.Http 2.0.20505' was restored using '.NETFramework,Version=v4.6.1, .NETFramework,Version=v4.6.2, .NETFramework,Version=v4.7, .NETFramework,Version=v4.7.1, .NETFramework,Version=v4.7.2, .NETFramework,Version=v4.8, .NETFramework,Version=v4.8.1' instead of the project target framework 'net8.0'. This package may not be fully compatible with your project. [C:\Repo\Hospital\Hospital.Web\Hospital.Web.csproj]
C:\Repo\Hospital\Hospital.Web\Hospital.Web.csproj : warning NU1602: DotNetOpenAuth.Core 4.3.4.13329 does not provide an inclusive lower bound for dependency Microsoft.Net.Http. Microsoft.Net.Http 2.0.20505 was resolved instead.
C:\Repo\Hospital\Hospital.Web\Hospital.Web.csproj : warning NU1701: Package 'DotNetOpenAuth.Core 4.3.4.13329' was restored using '.NETFramework,Version=v4.6.1, .NETFramework,Version=v4.6.2, .NETFramework,Version=v4.7, .NETFramework,Version=v4.7.1, .NETFramework,Version=v4.7.2, .NETFramework,Version=v4.8, .NETFramework,Version=v4.8.1' instead of the project target framework 'net8.0'. This package may not be fully compatible with your project.
C:\Repo\Hospital\Hospital.Web\Hospital.Web.csproj : warning NU1701: Package 'DotNetOpenAuth.OpenId.Core 4.3.4.13329' was restored using '.NETFramework,Version=v4.6.1, .NETFramework,Version=v4.6.2, .NETFramework,Version=v4.7, .NETFramework,Version=v4.7.1, .NETFramework,Version=v4.7.2, .NETFramework,Version=v4.8, .NETFramework,Version=v4.8.1' instead of the project target framework 'net8.0'. This package may not be fully compatible with your project.
C:\Repo\Hospital\Hospital.Web\Hospital.Web.csproj : warning NU1701: Package 'Microsoft.Net.Http 2.0.20505' was restored using '.NETFramework,Version=v4.6.1, .NETFramework,Version=v4.6.2, .NETFramework,Version=v4.7, .NETFramework,Version=v4.7.1, .NETFramework,Version=v4.7.2, .NETFramework,Version=v4.8, .NETFramework,Version=v4.8.1' instead of the project target framework 'net8.0'. This package may not be fully compatible with your project.
C:\Repo\Hospital\Hospital.Models\Hospital.Models.csproj : warning NU1602: DotNetOpenAuth.Core 4.3.4.13329 does not provide an inclusive lower bound for dependency Microsoft.Net.Http. Microsoft.Net.Http 2.0.20505 was resolved instead.
C:\Repo\Hospital\Hospital.Models\Hospital.Models.csproj : warning NU1701: Package 'DotNetOpenAuth.Core 4.3.4.13329' was restored using '.NETFramework,Version=v4.6.1, .NETFramework,Version=v4.6.2, .NETFramework,Version=v4.7, .NETFramework,Version=v4.7.1, .NETFramework,Version=v4.7.2, .NETFramework,Version=v4.8, .NETFramework,Version=v4.8.1' instead of the project target framework 'net8.0'. This package may not be fully compatible with your project.
C:\Repo\Hospital\Hospital.Models\Hospital.Models.csproj : warning NU1701: Package 'DotNetOpenAuth.OpenId.Core 4.3.4.13329' was restored using '.NETFramework,Version=v4.6.1, .NETFramework,Version=v4.6.2, .NETFramework,Version=v4.7, .NETFramework,Version=v4.7.1, .NETFramework,Version=v4.7.2, .NETFramework,Version=v4.8, .NETFramework,Version=v4.8.1' instead of the project target framework 'net8.0'. This package may not be fully compatible with your project.
C:\Repo\Hospital\Hospital.Services\Hospital.Services.csproj : warning NU1602: DotNetOpenAuth.Core 4.3.4.13329 does not provide an inclusive lower bound for dependency Microsoft.Net.Http. Microsoft.Net.Http 2.0.20505 was resolved instead.
C:\Repo\Hospital\Hospital.Models\Hospital.Models.csproj : warning NU1701: Package 'Microsoft.Net.Http 2.0.20505' was restored using '.NETFramework,Version=v4.6.1, .NETFramework,Version=v4.6.2, .NETFramework,Version=v4.7, .NETFramework,Version=v4.7.1, .NETFramework,Version=v4.7.2, .NETFramework,Version=v4.8, .NETFramework,Version=v4.8.1' instead of the project target framework 'net8.0'. This package may not be fully compatible with your project.
C:\Repo\Hospital\Hospital.Services\Hospital.Services.csproj : warning NU1701: Package 'DotNetOpenAuth.Core 4.3.4.13329' was restored using '.NETFramework,Version=v4.6.1, .NETFramework,Version=v4.6.2, .NETFramework,Version=v4.7, .NETFramework,Version=v4.7.1, .NETFramework,Version=v4.7.2, .NETFramework,Version=v4.8, .NETFramework,Version=v4.8.1' instead of the project target framework 'net8.0'. This package may not be fully compatible with your project.
C:\Repo\Hospital\Hospital.Repositories\Hospital.Repositories.csproj : warning NU1602: DotNetOpenAuth.Core 4.3.4.13329 does not provide an inclusive lower bound for dependency Microsoft.Net.Http. Microsoft.Net.Http 2.0.20505 was resolved instead.
C:\Repo\Hospital\Hospital.Repositories\Hospital.Repositories.csproj : warning NU1701: Package 'DotNetOpenAuth.Core 4.3.4.13329' was restored using '.NETFramework,Version=v4.6.1, .NETFramework,Version=v4.6.2, .NETFramework,Version=v4.7, .NETFramework,Version=v4.7.1, .NETFramework,Version=v4.7.2, .NETFramework,Version=v4.8, .NETFramework,Version=v4.8.1' instead of the project target framework 'net8.0'. This package may not be fully compatible with your project.
C:\Repo\Hospital\Hospital.Repositories\Hospital.Repositories.csproj : warning NU1701: Package 'DotNetOpenAuth.OpenId.Core 4.3.4.13329' was restored using '.NETFramework,Version=v4.6.1, .NETFramework,Version=v4.6.2, .NETFramework,Version=v4.7, .NETFramework,Version=v4.7.1, .NETFramework,Version=v4.7.2, .NETFramework,Version=v4.8, .NETFramework,Version=v4.8.1' instead of the project target framework 'net8.0'. This package may not be fully compatible with your project.
C:\Repo\Hospital\Hospital.Repositories\Hospital.Repositories.csproj : warning NU1701: Package 'Microsoft.Net.Http 2.0.20505' was restored using '.NETFramework,Version=v4.6.1, .NETFramework,Version=v4.6.2, .NETFramework,Version=v4.7, .NETFramework,Version=v4.7.1, .NETFramework,Version=v4.7.2, .NETFramework,Version=v4.8, .NETFramework,Version=v4.8.1' instead of the project target framework 'net8.0'. This package may not be fully compatible with your project.
C:\Repo\Hospital\Hospital.ViewModels\Hospital.ViewModels.csproj : warning NU1602: DotNetOpenAuth.Core 4.3.4.13329 does not provide an inclusive lower bound for dependency Microsoft.Net.Http. Microsoft.Net.Http 2.0.20505 was resolved instead.
C:\Repo\Hospital\Hospital.ViewModels\Hospital.ViewModels.csproj : warning NU1701: Package 'DotNetOpenAuth.Core 4.3.4.13329' was restored using '.NETFramework,Version=v4.6.1, .NETFramework,Version=v4.6.2, .NETFramework,Version=v4.7, .NETFramework,Version=v4.7.1, .NETFramework,Version=v4.7.2, .NETFramework,Version=v4.8, .NETFramework,Version=v4.8.1' instead of the project target framework 'net8.0'. This package may not be fully compatible with your project.
C:\Repo\Hospital\Hospital.Services\Hospital.Services.csproj : warning NU1701: Package 'DotNetOpenAuth.OpenId.Core 4.3.4.13329' was restored using '.NETFramework,Version=v4.6.1, .NETFramework,Version=v4.6.2, .NETFramework,Version=v4.7, .NETFramework,Version=v4.7.1, .NETFramework,Version=v4.7.2, .NETFramework,Version=v4.8, .NETFramework,Version=v4.8.1' instead of the project target framework 'net8.0'. This package may not be fully compatible with your project.
C:\Repo\Hospital\Hospital.ViewModels\Hospital.ViewModels.csproj : warning NU1701: Package 'DotNetOpenAuth.OpenId.Core 4.3.4.13329' was restored using '.NETFramework,Version=v4.6.1, .NETFramework,Version=v4.6.2, .NETFramework,Version=v4.7, .NETFramework,Version=v4.7.1, .NETFramework,Version=v4.7.2, .NETFramework,Version=v4.8, .NETFramework,Version=v4.8.1' instead of the project target framework 'net8.0'. This package may not be fully compatible with your project.
C:\Repo\Hospital\Hospital.Services\Hospital.Services.csproj : warning NU1701: Package 'Microsoft.Net.Http 2.0.20505' was restored using '.NETFramework,Version=v4.6.1, .NETFramework,Version=v4.6.2, .NETFramework,Version=v4.7, .NETFramework,Version=v4.7.1, .NETFramework,Version=v4.7.2, .NETFramework,Version=v4.8, .NETFramework,Version=v4.8.1' instead of the project target framework 'net8.0'. This package may not be fully compatible with your project.
C:\Repo\Hospital\Hospital.ViewModels\Hospital.ViewModels.csproj : warning NU1701: Package 'Microsoft.Net.Http 2.0.20505' was restored using '.NETFramework,Version=v4.6.1, .NETFramework,Version=v4.6.2, .NETFramework,Version=v4.7, .NETFramework,Version=v4.7.1, .NETFramework,Version=v4.7.2, .NETFramework,Version=v4.8, .NETFramework,Version=v4.8.1' instead of the project target framework 'net8.0'. This package may not be fully compatible with your project.
C:\Repo\Hospital\Hospital.Utilities\Hospital.Utilities.csproj : warning NU1602: DotNetOpenAuth.Core 4.3.4.13329 does not provide an inclusive lower bound for dependency Microsoft.Net.Http. Microsoft.Net.Http 2.0.20505 was resolved instead.
C:\Repo\Hospital\Hospital.Utilities\Hospital.Utilities.csproj : warning NU1701: Package 'DotNetOpenAuth.Core 4.3.4.13329' was restored using '.NETFramework,Version=v4.6.1, .NETFramework,Version=v4.6.2, .NETFramework,Version=v4.7, .NETFramework,Version=v4.7.1, .NETFramework,Version=v4.7.2, .NETFramework,Version=v4.8, .NETFramework,Version=v4.8.1' instead of the project target framework 'net8.0'. This package may not be fully compatible with your project.
C:\Repo\Hospital\Hospital.Utilities\Hospital.Utilities.csproj : warning NU1701: Package 'DotNetOpenAuth.OpenId.Core 4.3.4.13329' was restored using '.NETFramework,Version=v4.6.1, .NETFramework,Version=v4.6.2, .NETFramework,Version=v4.7, .NETFramework,Version=v4.7.1, .NETFramework,Version=v4.7.2, .NETFramework,Version=v4.8, .NETFramework,Version=v4.8.1' instead of the project target framework 'net8.0'. This package may not be fully compatible with your project.
C:\Repo\Hospital\Hospital.Utilities\Hospital.Utilities.csproj : warning NU1701: Package 'Microsoft.Net.Http 2.0.20505' was restored using '.NETFramework,Version=v4.6.1, .NETFramework,Version=v4.6.2, .NETFramework,Version=v4.7, .NETFramework,Version=v4.7.1, .NETFramework,Version=v4.7.2, .NETFramework,Version=v4.8, .NETFramework,Version=v4.8.1' instead of the project target framework 'net8.0'. This package may not be fully compatible with your project.
C:\Repo\Hospital\Hospital.Web\Areas\Admin\Controllers\DashboardController.cs(19,26): error CS0246: The type or namespace name 'IUnitOfWork' could not be found (are you missing a using directive or an assembly reference?) [C:\Repo\Hospital\Hospital.Web\Hospital.Web.csproj]
C:\Repo\Hospital\Hospital.Web\Areas\Admin\Controllers\DashboardController.cs(25,13): error CS0246: The type or namespace name 'IUnitOfWork' could not be found (are you missing a using directive or an assembly reference?) [C:\Repo\Hospital\Hospital.Web\Hospital.Web.csproj]
    48 Warning(s)
    2 Error(s)

Time Elapsed 00:00:04.15

Workload updates are available. Run `dotnet workload list` for more information.
