  Determining projects to restore...
c:\Repo\Hospital\Hospital.Models\Hospital.Models.csproj : warning NU1602: DotNetOpenAuth.Core 4.3.4.13329 does not provide an inclusive lower bound for dependency Microsoft.Net.Http. Microsoft.Net.Http 2.0.20505 was resolved instead. [c:\Repo\Hospital\Hospital.Web\Hospital.Web.csproj]
c:\Repo\Hospital\Hospital.ViewModels\Hospital.ViewModels.csproj : warning NU1602: DotNetOpenAuth.Core 4.3.4.13329 does not provide an inclusive lower bound for dependency Microsoft.Net.Http. Microsoft.Net.Http 2.0.20505 was resolved instead. [c:\Repo\Hospital\Hospital.Web\Hospital.Web.csproj]
c:\Repo\Hospital\Hospital.Repositories\Hospital.Repositories.csproj : warning NU1602: DotNetOpenAuth.Core 4.3.4.13329 does not provide an inclusive lower bound for dependency Microsoft.Net.Http. Microsoft.Net.Http 2.0.20505 was resolved instead. [c:\Repo\Hospital\Hospital.Web\Hospital.Web.csproj]
C:\Repo\Hospital\Hospital.Services\Hospital.Services.csproj : warning NU1602: DotNetOpenAuth.Core 4.3.4.13329 does not provide an inclusive lower bound for dependency Microsoft.Net.Http. Microsoft.Net.Http 2.0.20505 was resolved instead. [c:\Repo\Hospital\Hospital.Web\Hospital.Web.csproj]
c:\Repo\Hospital\Hospital.Utilities\Hospital.Utilities.csproj : warning NU1602: DotNetOpenAuth.Core 4.3.4.13329 does not provide an inclusive lower bound for dependency Microsoft.Net.Http. Microsoft.Net.Http 2.0.20505 was resolved instead. [c:\Repo\Hospital\Hospital.Web\Hospital.Web.csproj]
c:\Repo\Hospital\Hospital.Web\Hospital.Web.csproj : warning NU1602: DotNetOpenAuth.Core 4.3.4.13329 does not provide an inclusive lower bound for dependency Microsoft.Net.Http. Microsoft.Net.Http 2.0.20505 was resolved instead.
c:\Repo\Hospital\Hospital.ViewModels\Hospital.ViewModels.csproj : warning NU1701: Package 'DotNetOpenAuth.Core 4.3.4.13329' was restored using '.NETFramework,Version=v4.6.1, .NETFramework,Version=v4.6.2, .NETFramework,Version=v4.7, .NETFramework,Version=v4.7.1, .NETFramework,Version=v4.7.2, .NETFramework,Version=v4.8, .NETFramework,Version=v4.8.1' instead of the project target framework 'net8.0'. This package may not be fully compatible with your project. [c:\Repo\Hospital\Hospital.Web\Hospital.Web.csproj]
c:\Repo\Hospital\Hospital.Utilities\Hospital.Utilities.csproj : warning NU1701: Package 'DotNetOpenAuth.Core 4.3.4.13329' was restored using '.NETFramework,Version=v4.6.1, .NETFramework,Version=v4.6.2, .NETFramework,Version=v4.7, .NETFramework,Version=v4.7.1, .NETFramework,Version=v4.7.2, .NETFramework,Version=v4.8, .NETFramework,Version=v4.8.1' instead of the project target framework 'net8.0'. This package may not be fully compatible with your project. [c:\Repo\Hospital\Hospital.Web\Hospital.Web.csproj]
c:\Repo\Hospital\Hospital.Models\Hospital.Models.csproj : warning NU1701: Package 'DotNetOpenAuth.Core 4.3.4.13329' was restored using '.NETFramework,Version=v4.6.1, .NETFramework,Version=v4.6.2, .NETFramework,Version=v4.7, .NETFramework,Version=v4.7.1, .NETFramework,Version=v4.7.2, .NETFramework,Version=v4.8, .NETFramework,Version=v4.8.1' instead of the project target framework 'net8.0'. This package may not be fully compatible with your project. [c:\Repo\Hospital\Hospital.Web\Hospital.Web.csproj]
c:\Repo\Hospital\Hospital.Repositories\Hospital.Repositories.csproj : warning NU1701: Package 'DotNetOpenAuth.Core 4.3.4.13329' was restored using '.NETFramework,Version=v4.6.1, .NETFramework,Version=v4.6.2, .NETFramework,Version=v4.7, .NETFramework,Version=v4.7.1, .NETFramework,Version=v4.7.2, .NETFramework,Version=v4.8, .NETFramework,Version=v4.8.1' instead of the project target framework 'net8.0'. This package may not be fully compatible with your project. [c:\Repo\Hospital\Hospital.Web\Hospital.Web.csproj]
c:\Repo\Hospital\Hospital.Models\Hospital.Models.csproj : warning NU1701: Package 'DotNetOpenAuth.OpenId.Core 4.3.4.13329' was restored using '.NETFramework,Version=v4.6.1, .NETFramework,Version=v4.6.2, .NETFramework,Version=v4.7, .NETFramework,Version=v4.7.1, .NETFramework,Version=v4.7.2, .NETFramework,Version=v4.8, .NETFramework,Version=v4.8.1' instead of the project target framework 'net8.0'. This package may not be fully compatible with your project. [c:\Repo\Hospital\Hospital.Web\Hospital.Web.csproj]
c:\Repo\Hospital\Hospital.Repositories\Hospital.Repositories.csproj : warning NU1701: Package 'DotNetOpenAuth.OpenId.Core 4.3.4.13329' was restored using '.NETFramework,Version=v4.6.1, .NETFramework,Version=v4.6.2, .NETFramework,Version=v4.7, .NETFramework,Version=v4.7.1, .NETFramework,Version=v4.7.2, .NETFramework,Version=v4.8, .NETFramework,Version=v4.8.1' instead of the project target framework 'net8.0'. This package may not be fully compatible with your project. [c:\Repo\Hospital\Hospital.Web\Hospital.Web.csproj]
c:\Repo\Hospital\Hospital.ViewModels\Hospital.ViewModels.csproj : warning NU1701: Package 'DotNetOpenAuth.OpenId.Core 4.3.4.13329' was restored using '.NETFramework,Version=v4.6.1, .NETFramework,Version=v4.6.2, .NETFramework,Version=v4.7, .NETFramework,Version=v4.7.1, .NETFramework,Version=v4.7.2, .NETFramework,Version=v4.8, .NETFramework,Version=v4.8.1' instead of the project target framework 'net8.0'. This package may not be fully compatible with your project. [c:\Repo\Hospital\Hospital.Web\Hospital.Web.csproj]
c:\Repo\Hospital\Hospital.Utilities\Hospital.Utilities.csproj : warning NU1701: Package 'DotNetOpenAuth.OpenId.Core 4.3.4.13329' was restored using '.NETFramework,Version=v4.6.1, .NETFramework,Version=v4.6.2, .NETFramework,Version=v4.7, .NETFramework,Version=v4.7.1, .NETFramework,Version=v4.7.2, .NETFramework,Version=v4.8, .NETFramework,Version=v4.8.1' instead of the project target framework 'net8.0'. This package may not be fully compatible with your project. [c:\Repo\Hospital\Hospital.Web\Hospital.Web.csproj]
C:\Repo\Hospital\Hospital.Services\Hospital.Services.csproj : warning NU1701: Package 'DotNetOpenAuth.Core 4.3.4.13329' was restored using '.NETFramework,Version=v4.6.1, .NETFramework,Version=v4.6.2, .NETFramework,Version=v4.7, .NETFramework,Version=v4.7.1, .NETFramework,Version=v4.7.2, .NETFramework,Version=v4.8, .NETFramework,Version=v4.8.1' instead of the project target framework 'net8.0'. This package may not be fully compatible with your project. [c:\Repo\Hospital\Hospital.Web\Hospital.Web.csproj]
C:\Repo\Hospital\Hospital.Services\Hospital.Services.csproj : warning NU1701: Package 'DotNetOpenAuth.OpenId.Core 4.3.4.13329' was restored using '.NETFramework,Version=v4.6.1, .NETFramework,Version=v4.6.2, .NETFramework,Version=v4.7, .NETFramework,Version=v4.7.1, .NETFramework,Version=v4.7.2, .NETFramework,Version=v4.8, .NETFramework,Version=v4.8.1' instead of the project target framework 'net8.0'. This package may not be fully compatible with your project. [c:\Repo\Hospital\Hospital.Web\Hospital.Web.csproj]
c:\Repo\Hospital\Hospital.Models\Hospital.Models.csproj : warning NU1701: Package 'Microsoft.Net.Http 2.0.20505' was restored using '.NETFramework,Version=v4.6.1, .NETFramework,Version=v4.6.2, .NETFramework,Version=v4.7, .NETFramework,Version=v4.7.1, .NETFramework,Version=v4.7.2, .NETFramework,Version=v4.8, .NETFramework,Version=v4.8.1' instead of the project target framework 'net8.0'. This package may not be fully compatible with your project. [c:\Repo\Hospital\Hospital.Web\Hospital.Web.csproj]
c:\Repo\Hospital\Hospital.Web\Hospital.Web.csproj : warning NU1701: Package 'DotNetOpenAuth.Core 4.3.4.13329' was restored using '.NETFramework,Version=v4.6.1, .NETFramework,Version=v4.6.2, .NETFramework,Version=v4.7, .NETFramework,Version=v4.7.1, .NETFramework,Version=v4.7.2, .NETFramework,Version=v4.8, .NETFramework,Version=v4.8.1' instead of the project target framework 'net8.0'. This package may not be fully compatible with your project.
c:\Repo\Hospital\Hospital.Web\Hospital.Web.csproj : warning NU1701: Package 'DotNetOpenAuth.OpenId.Core 4.3.4.13329' was restored using '.NETFramework,Version=v4.6.1, .NETFramework,Version=v4.6.2, .NETFramework,Version=v4.7, .NETFramework,Version=v4.7.1, .NETFramework,Version=v4.7.2, .NETFramework,Version=v4.8, .NETFramework,Version=v4.8.1' instead of the project target framework 'net8.0'. This package may not be fully compatible with your project.
c:\Repo\Hospital\Hospital.ViewModels\Hospital.ViewModels.csproj : warning NU1701: Package 'Microsoft.Net.Http 2.0.20505' was restored using '.NETFramework,Version=v4.6.1, .NETFramework,Version=v4.6.2, .NETFramework,Version=v4.7, .NETFramework,Version=v4.7.1, .NETFramework,Version=v4.7.2, .NETFramework,Version=v4.8, .NETFramework,Version=v4.8.1' instead of the project target framework 'net8.0'. This package may not be fully compatible with your project. [c:\Repo\Hospital\Hospital.Web\Hospital.Web.csproj]
c:\Repo\Hospital\Hospital.Repositories\Hospital.Repositories.csproj : warning NU1701: Package 'Microsoft.Net.Http 2.0.20505' was restored using '.NETFramework,Version=v4.6.1, .NETFramework,Version=v4.6.2, .NETFramework,Version=v4.7, .NETFramework,Version=v4.7.1, .NETFramework,Version=v4.7.2, .NETFramework,Version=v4.8, .NETFramework,Version=v4.8.1' instead of the project target framework 'net8.0'. This package may not be fully compatible with your project. [c:\Repo\Hospital\Hospital.Web\Hospital.Web.csproj]
C:\Repo\Hospital\Hospital.Services\Hospital.Services.csproj : warning NU1701: Package 'Microsoft.Net.Http 2.0.20505' was restored using '.NETFramework,Version=v4.6.1, .NETFramework,Version=v4.6.2, .NETFramework,Version=v4.7, .NETFramework,Version=v4.7.1, .NETFramework,Version=v4.7.2, .NETFramework,Version=v4.8, .NETFramework,Version=v4.8.1' instead of the project target framework 'net8.0'. This package may not be fully compatible with your project. [c:\Repo\Hospital\Hospital.Web\Hospital.Web.csproj]
c:\Repo\Hospital\Hospital.Utilities\Hospital.Utilities.csproj : warning NU1701: Package 'Microsoft.Net.Http 2.0.20505' was restored using '.NETFramework,Version=v4.6.1, .NETFramework,Version=v4.6.2, .NETFramework,Version=v4.7, .NETFramework,Version=v4.7.1, .NETFramework,Version=v4.7.2, .NETFramework,Version=v4.8, .NETFramework,Version=v4.8.1' instead of the project target framework 'net8.0'. This package may not be fully compatible with your project. [c:\Repo\Hospital\Hospital.Web\Hospital.Web.csproj]
c:\Repo\Hospital\Hospital.Web\Hospital.Web.csproj : warning NU1701: Package 'Microsoft.Net.Http 2.0.20505' was restored using '.NETFramework,Version=v4.6.1, .NETFramework,Version=v4.6.2, .NETFramework,Version=v4.7, .NETFramework,Version=v4.7.1, .NETFramework,Version=v4.7.2, .NETFramework,Version=v4.8, .NETFramework,Version=v4.8.1' instead of the project target framework 'net8.0'. This package may not be fully compatible with your project.
  Restored c:\Repo\Hospital\Hospital.Models\Hospital.Models.csproj (in 531 ms).
  Restored c:\Repo\Hospital\Hospital.Repositories\Hospital.Repositories.csproj (in 559 ms).
  Restored c:\Repo\Hospital\Hospital.Utilities\Hospital.Utilities.csproj (in 559 ms).
  Restored c:\Repo\Hospital\Hospital.ViewModels\Hospital.ViewModels.csproj (in 563 ms).
  Restored C:\Repo\Hospital\Hospital.Services\Hospital.Services.csproj (in 585 ms).
  Restored c:\Repo\Hospital\Hospital.Web\Hospital.Web.csproj (in 591 ms).
c:\Repo\Hospital\Hospital.Web\Hospital.Web.csproj : warning NU1602: DotNetOpenAuth.Core 4.3.4.13329 does not provide an inclusive lower bound for dependency Microsoft.Net.Http. Microsoft.Net.Http 2.0.20505 was resolved instead.
c:\Repo\Hospital\Hospital.Web\Hospital.Web.csproj : warning NU1701: Package 'DotNetOpenAuth.Core 4.3.4.13329' was restored using '.NETFramework,Version=v4.6.1, .NETFramework,Version=v4.6.2, .NETFramework,Version=v4.7, .NETFramework,Version=v4.7.1, .NETFramework,Version=v4.7.2, .NETFramework,Version=v4.8, .NETFramework,Version=v4.8.1' instead of the project target framework 'net8.0'. This package may not be fully compatible with your project.
c:\Repo\Hospital\Hospital.Web\Hospital.Web.csproj : warning NU1701: Package 'DotNetOpenAuth.OpenId.Core 4.3.4.13329' was restored using '.NETFramework,Version=v4.6.1, .NETFramework,Version=v4.6.2, .NETFramework,Version=v4.7, .NETFramework,Version=v4.7.1, .NETFramework,Version=v4.7.2, .NETFramework,Version=v4.8, .NETFramework,Version=v4.8.1' instead of the project target framework 'net8.0'. This package may not be fully compatible with your project.
c:\Repo\Hospital\Hospital.Web\Hospital.Web.csproj : warning NU1701: Package 'Microsoft.Net.Http 2.0.20505' was restored using '.NETFramework,Version=v4.6.1, .NETFramework,Version=v4.6.2, .NETFramework,Version=v4.7, .NETFramework,Version=v4.7.1, .NETFramework,Version=v4.7.2, .NETFramework,Version=v4.8, .NETFramework,Version=v4.8.1' instead of the project target framework 'net8.0'. This package may not be fully compatible with your project.
C:\Repo\Hospital\Hospital.Services\Hospital.Services.csproj : warning NU1602: DotNetOpenAuth.Core 4.3.4.13329 does not provide an inclusive lower bound for dependency Microsoft.Net.Http. Microsoft.Net.Http 2.0.20505 was resolved instead. [c:\Repo\Hospital\Hospital.Services\Hospital.Services.csproj]
C:\Repo\Hospital\Hospital.Services\Hospital.Services.csproj : warning NU1701: Package 'DotNetOpenAuth.Core 4.3.4.13329' was restored using '.NETFramework,Version=v4.6.1, .NETFramework,Version=v4.6.2, .NETFramework,Version=v4.7, .NETFramework,Version=v4.7.1, .NETFramework,Version=v4.7.2, .NETFramework,Version=v4.8, .NETFramework,Version=v4.8.1' instead of the project target framework 'net8.0'. This package may not be fully compatible with your project. [c:\Repo\Hospital\Hospital.Services\Hospital.Services.csproj]
C:\Repo\Hospital\Hospital.Services\Hospital.Services.csproj : warning NU1701: Package 'DotNetOpenAuth.OpenId.Core 4.3.4.13329' was restored using '.NETFramework,Version=v4.6.1, .NETFramework,Version=v4.6.2, .NETFramework,Version=v4.7, .NETFramework,Version=v4.7.1, .NETFramework,Version=v4.7.2, .NETFramework,Version=v4.8, .NETFramework,Version=v4.8.1' instead of the project target framework 'net8.0'. This package may not be fully compatible with your project. [c:\Repo\Hospital\Hospital.Services\Hospital.Services.csproj]
C:\Repo\Hospital\Hospital.Services\Hospital.Services.csproj : warning NU1701: Package 'Microsoft.Net.Http 2.0.20505' was restored using '.NETFramework,Version=v4.6.1, .NETFramework,Version=v4.6.2, .NETFramework,Version=v4.7, .NETFramework,Version=v4.7.1, .NETFramework,Version=v4.7.2, .NETFramework,Version=v4.8, .NETFramework,Version=v4.8.1' instead of the project target framework 'net8.0'. This package may not be fully compatible with your project. [c:\Repo\Hospital\Hospital.Services\Hospital.Services.csproj]
c:\Repo\Hospital\Hospital.Models\Hospital.Models.csproj : warning NU1602: DotNetOpenAuth.Core 4.3.4.13329 does not provide an inclusive lower bound for dependency Microsoft.Net.Http. Microsoft.Net.Http 2.0.20505 was resolved instead.
c:\Repo\Hospital\Hospital.Models\Hospital.Models.csproj : warning NU1701: Package 'DotNetOpenAuth.Core 4.3.4.13329' was restored using '.NETFramework,Version=v4.6.1, .NETFramework,Version=v4.6.2, .NETFramework,Version=v4.7, .NETFramework,Version=v4.7.1, .NETFramework,Version=v4.7.2, .NETFramework,Version=v4.8, .NETFramework,Version=v4.8.1' instead of the project target framework 'net8.0'. This package may not be fully compatible with your project.
c:\Repo\Hospital\Hospital.Models\Hospital.Models.csproj : warning NU1701: Package 'DotNetOpenAuth.OpenId.Core 4.3.4.13329' was restored using '.NETFramework,Version=v4.6.1, .NETFramework,Version=v4.6.2, .NETFramework,Version=v4.7, .NETFramework,Version=v4.7.1, .NETFramework,Version=v4.7.2, .NETFramework,Version=v4.8, .NETFramework,Version=v4.8.1' instead of the project target framework 'net8.0'. This package may not be fully compatible with your project.
c:\Repo\Hospital\Hospital.Models\Hospital.Models.csproj : warning NU1701: Package 'Microsoft.Net.Http 2.0.20505' was restored using '.NETFramework,Version=v4.6.1, .NETFramework,Version=v4.6.2, .NETFramework,Version=v4.7, .NETFramework,Version=v4.7.1, .NETFramework,Version=v4.7.2, .NETFramework,Version=v4.8, .NETFramework,Version=v4.8.1' instead of the project target framework 'net8.0'. This package may not be fully compatible with your project.
c:\Repo\Hospital\Hospital.Repositories\Hospital.Repositories.csproj : warning NU1602: DotNetOpenAuth.Core 4.3.4.13329 does not provide an inclusive lower bound for dependency Microsoft.Net.Http. Microsoft.Net.Http 2.0.20505 was resolved instead.
c:\Repo\Hospital\Hospital.Repositories\Hospital.Repositories.csproj : warning NU1701: Package 'DotNetOpenAuth.Core 4.3.4.13329' was restored using '.NETFramework,Version=v4.6.1, .NETFramework,Version=v4.6.2, .NETFramework,Version=v4.7, .NETFramework,Version=v4.7.1, .NETFramework,Version=v4.7.2, .NETFramework,Version=v4.8, .NETFramework,Version=v4.8.1' instead of the project target framework 'net8.0'. This package may not be fully compatible with your project.
c:\Repo\Hospital\Hospital.Repositories\Hospital.Repositories.csproj : warning NU1701: Package 'DotNetOpenAuth.OpenId.Core 4.3.4.13329' was restored using '.NETFramework,Version=v4.6.1, .NETFramework,Version=v4.6.2, .NETFramework,Version=v4.7, .NETFramework,Version=v4.7.1, .NETFramework,Version=v4.7.2, .NETFramework,Version=v4.8, .NETFramework,Version=v4.8.1' instead of the project target framework 'net8.0'. This package may not be fully compatible with your project.
c:\Repo\Hospital\Hospital.Repositories\Hospital.Repositories.csproj : warning NU1701: Package 'Microsoft.Net.Http 2.0.20505' was restored using '.NETFramework,Version=v4.6.1, .NETFramework,Version=v4.6.2, .NETFramework,Version=v4.7, .NETFramework,Version=v4.7.1, .NETFramework,Version=v4.7.2, .NETFramework,Version=v4.8, .NETFramework,Version=v4.8.1' instead of the project target framework 'net8.0'. This package may not be fully compatible with your project.
C:\Repo\Hospital\Hospital.ViewModels\Hospital.ViewModels.csproj : warning NU1602: DotNetOpenAuth.Core 4.3.4.13329 does not provide an inclusive lower bound for dependency Microsoft.Net.Http. Microsoft.Net.Http 2.0.20505 was resolved instead. [c:\Repo\Hospital\Hospital.ViewModels\Hospital.ViewModels.csproj]
C:\Repo\Hospital\Hospital.ViewModels\Hospital.ViewModels.csproj : warning NU1701: Package 'DotNetOpenAuth.Core 4.3.4.13329' was restored using '.NETFramework,Version=v4.6.1, .NETFramework,Version=v4.6.2, .NETFramework,Version=v4.7, .NETFramework,Version=v4.7.1, .NETFramework,Version=v4.7.2, .NETFramework,Version=v4.8, .NETFramework,Version=v4.8.1' instead of the project target framework 'net8.0'. This package may not be fully compatible with your project. [c:\Repo\Hospital\Hospital.ViewModels\Hospital.ViewModels.csproj]
C:\Repo\Hospital\Hospital.ViewModels\Hospital.ViewModels.csproj : warning NU1701: Package 'DotNetOpenAuth.OpenId.Core 4.3.4.13329' was restored using '.NETFramework,Version=v4.6.1, .NETFramework,Version=v4.6.2, .NETFramework,Version=v4.7, .NETFramework,Version=v4.7.1, .NETFramework,Version=v4.7.2, .NETFramework,Version=v4.8, .NETFramework,Version=v4.8.1' instead of the project target framework 'net8.0'. This package may not be fully compatible with your project. [c:\Repo\Hospital\Hospital.ViewModels\Hospital.ViewModels.csproj]
c:\Repo\Hospital\Hospital.Utilities\Hospital.Utilities.csproj : warning NU1602: DotNetOpenAuth.Core 4.3.4.13329 does not provide an inclusive lower bound for dependency Microsoft.Net.Http. Microsoft.Net.Http 2.0.20505 was resolved instead.
C:\Repo\Hospital\Hospital.ViewModels\Hospital.ViewModels.csproj : warning NU1701: Package 'Microsoft.Net.Http 2.0.20505' was restored using '.NETFramework,Version=v4.6.1, .NETFramework,Version=v4.6.2, .NETFramework,Version=v4.7, .NETFramework,Version=v4.7.1, .NETFramework,Version=v4.7.2, .NETFramework,Version=v4.8, .NETFramework,Version=v4.8.1' instead of the project target framework 'net8.0'. This package may not be fully compatible with your project. [c:\Repo\Hospital\Hospital.ViewModels\Hospital.ViewModels.csproj]
c:\Repo\Hospital\Hospital.Utilities\Hospital.Utilities.csproj : warning NU1701: Package 'DotNetOpenAuth.Core 4.3.4.13329' was restored using '.NETFramework,Version=v4.6.1, .NETFramework,Version=v4.6.2, .NETFramework,Version=v4.7, .NETFramework,Version=v4.7.1, .NETFramework,Version=v4.7.2, .NETFramework,Version=v4.8, .NETFramework,Version=v4.8.1' instead of the project target framework 'net8.0'. This package may not be fully compatible with your project.
c:\Repo\Hospital\Hospital.Utilities\Hospital.Utilities.csproj : warning NU1701: Package 'DotNetOpenAuth.OpenId.Core 4.3.4.13329' was restored using '.NETFramework,Version=v4.6.1, .NETFramework,Version=v4.6.2, .NETFramework,Version=v4.7, .NETFramework,Version=v4.7.1, .NETFramework,Version=v4.7.2, .NETFramework,Version=v4.8, .NETFramework,Version=v4.8.1' instead of the project target framework 'net8.0'. This package may not be fully compatible with your project.
c:\Repo\Hospital\Hospital.Utilities\Hospital.Utilities.csproj : warning NU1701: Package 'Microsoft.Net.Http 2.0.20505' was restored using '.NETFramework,Version=v4.6.1, .NETFramework,Version=v4.6.2, .NETFramework,Version=v4.7, .NETFramework,Version=v4.7.1, .NETFramework,Version=v4.7.2, .NETFramework,Version=v4.8, .NETFramework,Version=v4.8.1' instead of the project target framework 'net8.0'. This package may not be fully compatible with your project.
c:\Repo\Hospital\Hospital.Models\Appointment.cs(6,23): warning CS8618: Non-nullable property 'Number' must contain a non-null value when exiting constructor. Consider adding the 'required' modifier or declaring the property as nullable. [c:\Repo\Hospital\Hospital.Models\Hospital.Models.csproj]
c:\Repo\Hospital\Hospital.Models\Appointment.cs(7,23): warning CS8618: Non-nullable property 'Type' must contain a non-null value when exiting constructor. Consider adding the 'required' modifier or declaring the property as nullable. [c:\Repo\Hospital\Hospital.Models\Hospital.Models.csproj]
c:\Repo\Hospital\Hospital.Models\Appointment.cs(9,23): warning CS8618: Non-nullable property 'Description' must contain a non-null value when exiting constructor. Consider adding the 'required' modifier or declaring the property as nullable. [c:\Repo\Hospital\Hospital.Models\Hospital.Models.csproj]
c:\Repo\Hospital\Hospital.Models\Appointment.cs(10,32): warning CS8618: Non-nullable property 'Doctor' must contain a non-null value when exiting constructor. Consider adding the 'required' modifier or declaring the property as nullable. [c:\Repo\Hospital\Hospital.Models\Hospital.Models.csproj]
c:\Repo\Hospital\Hospital.Models\Appointment.cs(11,32): warning CS8618: Non-nullable property 'Patient' must contain a non-null value when exiting constructor. Consider adding the 'required' modifier or declaring the property as nullable. [c:\Repo\Hospital\Hospital.Models\Hospital.Models.csproj]
c:\Repo\Hospital\Hospital.Models\Bed.cs(6,23): warning CS8618: Non-nullable property 'BedNumber' must contain a non-null value when exiting constructor. Consider adding the 'required' modifier or declaring the property as nullable. [c:\Repo\Hospital\Hospital.Models\Hospital.Models.csproj]
c:\Repo\Hospital\Hospital.Models\Bed.cs(8,21): warning CS8618: Non-nullable property 'Room' must contain a non-null value when exiting constructor. Consider adding the 'required' modifier or declaring the property as nullable. [c:\Repo\Hospital\Hospital.Models\Hospital.Models.csproj]
c:\Repo\Hospital\Hospital.Models\Contact.cs(7,29): warning CS8618: Non-nullable property 'Hospital' must contain a non-null value when exiting constructor. Consider adding the 'required' modifier or declaring the property as nullable. [c:\Repo\Hospital\Hospital.Models\Hospital.Models.csproj]
c:\Repo\Hospital\Hospital.Models\Contact.cs(8,23): warning CS8618: Non-nullable property 'Email' must contain a non-null value when exiting constructor. Consider adding the 'required' modifier or declaring the property as nullable. [c:\Repo\Hospital\Hospital.Models\Hospital.Models.csproj]
c:\Repo\Hospital\Hospital.Models\Contact.cs(9,23): warning CS8618: Non-nullable property 'Phone' must contain a non-null value when exiting constructor. Consider adding the 'required' modifier or declaring the property as nullable. [c:\Repo\Hospital\Hospital.Models\Hospital.Models.csproj]
c:\Repo\Hospital\Hospital.Models\Timming.cs(13,32): warning CS8618: Non-nullable property 'Doctor' must contain a non-null value when exiting constructor. Consider adding the 'required' modifier or declaring the property as nullable. [c:\Repo\Hospital\Hospital.Models\Hospital.Models.csproj]
c:\Repo\Hospital\Hospital.Models\HospitalInfo.cs(13,23): warning CS8618: Non-nullable property 'Name' must contain a non-null value when exiting constructor. Consider adding the 'required' modifier or declaring the property as nullable. [c:\Repo\Hospital\Hospital.Models\Hospital.Models.csproj]
c:\Repo\Hospital\Hospital.Models\HospitalInfo.cs(14,23): warning CS8618: Non-nullable property 'Type' must contain a non-null value when exiting constructor. Consider adding the 'required' modifier or declaring the property as nullable. [c:\Repo\Hospital\Hospital.Models\Hospital.Models.csproj]
c:\Repo\Hospital\Hospital.Models\HospitalInfo.cs(15,23): warning CS8618: Non-nullable property 'City' must contain a non-null value when exiting constructor. Consider adding the 'required' modifier or declaring the property as nullable. [c:\Repo\Hospital\Hospital.Models\Hospital.Models.csproj]
c:\Repo\Hospital\Hospital.Models\HospitalInfo.cs(16,23): warning CS8618: Non-nullable property 'Pincode' must contain a non-null value when exiting constructor. Consider adding the 'required' modifier or declaring the property as nullable. [c:\Repo\Hospital\Hospital.Models\Hospital.Models.csproj]
c:\Repo\Hospital\Hospital.Models\HospitalInfo.cs(17,23): warning CS8618: Non-nullable property 'Country' must contain a non-null value when exiting constructor. Consider adding the 'required' modifier or declaring the property as nullable. [c:\Repo\Hospital\Hospital.Models\Hospital.Models.csproj]
c:\Repo\Hospital\Hospital.Models\HospitalInfo.cs(18,34): warning CS8618: Non-nullable property 'Rooms' must contain a non-null value when exiting constructor. Consider adding the 'required' modifier or declaring the property as nullable. [c:\Repo\Hospital\Hospital.Models\Hospital.Models.csproj]
c:\Repo\Hospital\Hospital.Models\HospitalInfo.cs(19,37): warning CS8618: Non-nullable property 'Contacts' must contain a non-null value when exiting constructor. Consider adding the 'required' modifier or declaring the property as nullable. [c:\Repo\Hospital\Hospital.Models\Hospital.Models.csproj]
c:\Repo\Hospital\Hospital.Models\Medicine.cs(12,23): warning CS8618: Non-nullable property 'Name' must contain a non-null value when exiting constructor. Consider adding the 'required' modifier or declaring the property as nullable. [c:\Repo\Hospital\Hospital.Models\Hospital.Models.csproj]
c:\Repo\Hospital\Hospital.Models\Medicine.cs(13,23): warning CS8618: Non-nullable property 'Type' must contain a non-null value when exiting constructor. Consider adding the 'required' modifier or declaring the property as nullable. [c:\Repo\Hospital\Hospital.Models\Hospital.Models.csproj]
c:\Repo\Hospital\Hospital.Models\Medicine.cs(15,23): warning CS8618: Non-nullable property 'Description' must contain a non-null value when exiting constructor. Consider adding the 'required' modifier or declaring the property as nullable. [c:\Repo\Hospital\Hospital.Models\Hospital.Models.csproj]
c:\Repo\Hospital\Hospital.Models\Medicine.cs(16,44): warning CS8618: Non-nullable property 'MedicineReport' must contain a non-null value when exiting constructor. Consider adding the 'required' modifier or declaring the property as nullable. [c:\Repo\Hospital\Hospital.Models\Hospital.Models.csproj]
c:\Repo\Hospital\Hospital.Models\Medicine.cs(17,48): warning CS8618: Non-nullable property 'PrescribedMedicine' must contain a non-null value when exiting constructor. Consider adding the 'required' modifier or declaring the property as nullable. [c:\Repo\Hospital\Hospital.Models\Hospital.Models.csproj]
c:\Repo\Hospital\Hospital.Models\Department.cs(12,23): warning CS8618: Non-nullable property 'Name' must contain a non-null value when exiting constructor. Consider adding the 'required' modifier or declaring the property as nullable. [c:\Repo\Hospital\Hospital.Models\Hospital.Models.csproj]
c:\Repo\Hospital\Hospital.Models\Department.cs(13,23): warning CS8618: Non-nullable property 'Description' must contain a non-null value when exiting constructor. Consider adding the 'required' modifier or declaring the property as nullable. [c:\Repo\Hospital\Hospital.Models\Hospital.Models.csproj]
c:\Repo\Hospital\Hospital.Models\Department.cs(14,45): warning CS8618: Non-nullable property 'Employees' must contain a non-null value when exiting constructor. Consider adding the 'required' modifier or declaring the property as nullable. [c:\Repo\Hospital\Hospital.Models\Hospital.Models.csproj]
c:\Repo\Hospital\Hospital.Models\Bill.cs(7,32): warning CS8618: Non-nullable property 'Patient' must contain a non-null value when exiting constructor. Consider adding the 'required' modifier or declaring the property as nullable. [c:\Repo\Hospital\Hospital.Models\Hospital.Models.csproj]
c:\Repo\Hospital\Hospital.Models\Bill.cs(8,26): warning CS8618: Non-nullable property 'Insurance' must contain a non-null value when exiting constructor. Consider adding the 'required' modifier or declaring the property as nullable. [c:\Repo\Hospital\Hospital.Models\Hospital.Models.csproj]
c:\Repo\Hospital\Hospital.Models\ApplicationUser.cs(14,23): warning CS8618: Non-nullable property 'Name' must contain a non-null value when exiting constructor. Consider adding the 'required' modifier or declaring the property as nullable. [c:\Repo\Hospital\Hospital.Models\Hospital.Models.csproj]
c:\Repo\Hospital\Hospital.Models\ApplicationUser.cs(16,23): warning CS8618: Non-nullable property 'Nationality' must contain a non-null value when exiting constructor. Consider adding the 'required' modifier or declaring the property as nullable. [c:\Repo\Hospital\Hospital.Models\Hospital.Models.csproj]
c:\Repo\Hospital\Hospital.Models\ApplicationUser.cs(17,23): warning CS8618: Non-nullable property 'Address' must contain a non-null value when exiting constructor. Consider adding the 'required' modifier or declaring the property as nullable. [c:\Repo\Hospital\Hospital.Models\Hospital.Models.csproj]
c:\Repo\Hospital\Hospital.Models\ApplicationUser.cs(19,23): warning CS8618: Non-nullable property 'Specialist' must contain a non-null value when exiting constructor. Consider adding the 'required' modifier or declaring the property as nullable. [c:\Repo\Hospital\Hospital.Models\Hospital.Models.csproj]
c:\Repo\Hospital\Hospital.Models\ApplicationUser.cs(21,23): warning CS8618: Non-nullable property 'PictureUri' must contain a non-null value when exiting constructor. Consider adding the 'required' modifier or declaring the property as nullable. [c:\Repo\Hospital\Hospital.Models\Hospital.Models.csproj]
c:\Repo\Hospital\Hospital.Models\ApplicationUser.cs(24,41): warning CS8618: Non-nullable property 'Appointments' must contain a non-null value when exiting constructor. Consider adding the 'required' modifier or declaring the property as nullable. [c:\Repo\Hospital\Hospital.Models\Hospital.Models.csproj]
c:\Repo\Hospital\Hospital.Models\ApplicationUser.cs(26,37): warning CS8618: Non-nullable property 'Payrolls' must contain a non-null value when exiting constructor. Consider adding the 'required' modifier or declaring the property as nullable. [c:\Repo\Hospital\Hospital.Models\Hospital.Models.csproj]
c:\Repo\Hospital\Hospital.Models\ApplicationUser.cs(27,43): warning CS8618: Non-nullable property 'PatientReports' must contain a non-null value when exiting constructor. Consider adding the 'required' modifier or declaring the property as nullable. [c:\Repo\Hospital\Hospital.Models\Hospital.Models.csproj]
c:\Repo\Hospital\Hospital.Models\Insurance.cs(12,23): warning CS8618: Non-nullable property 'PolicyNumber' must contain a non-null value when exiting constructor. Consider adding the 'required' modifier or declaring the property as nullable. [c:\Repo\Hospital\Hospital.Models\Hospital.Models.csproj]
c:\Repo\Hospital\Hospital.Models\Insurance.cs(13,23): warning CS8618: Non-nullable property 'StartDate' must contain a non-null value when exiting constructor. Consider adding the 'required' modifier or declaring the property as nullable. [c:\Repo\Hospital\Hospital.Models\Hospital.Models.csproj]
c:\Repo\Hospital\Hospital.Models\Insurance.cs(14,23): warning CS8618: Non-nullable property 'EndDate' must contain a non-null value when exiting constructor. Consider adding the 'required' modifier or declaring the property as nullable. [c:\Repo\Hospital\Hospital.Models\Hospital.Models.csproj]
c:\Repo\Hospital\Hospital.Models\Insurance.cs(15,34): warning CS8618: Non-nullable property 'Bill' must contain a non-null value when exiting constructor. Consider adding the 'required' modifier or declaring the property as nullable. [c:\Repo\Hospital\Hospital.Models\Hospital.Models.csproj]
c:\Repo\Hospital\Hospital.Models\MedicineReport.cs(12,25): warning CS8618: Non-nullable property 'Supplier' must contain a non-null value when exiting constructor. Consider adding the 'required' modifier or declaring the property as nullable. [c:\Repo\Hospital\Hospital.Models\Hospital.Models.csproj]
c:\Repo\Hospital\Hospital.Models\MedicineReport.cs(13,25): warning CS8618: Non-nullable property 'Medicine' must contain a non-null value when exiting constructor. Consider adding the 'required' modifier or declaring the property as nullable. [c:\Repo\Hospital\Hospital.Models\Hospital.Models.csproj]
c:\Repo\Hospital\Hospital.Models\MedicineReport.cs(14,23): warning CS8618: Non-nullable property 'Company' must contain a non-null value when exiting constructor. Consider adding the 'required' modifier or declaring the property as nullable. [c:\Repo\Hospital\Hospital.Models\Hospital.Models.csproj]
c:\Repo\Hospital\Hospital.Models\MedicineReport.cs(18,23): warning CS8618: Non-nullable property 'Country' must contain a non-null value when exiting constructor. Consider adding the 'required' modifier or declaring the property as nullable. [c:\Repo\Hospital\Hospital.Models\Hospital.Models.csproj]
c:\Repo\Hospital\Hospital.Models\PatientReport.cs(12,23): warning CS8618: Non-nullable property 'PatientId' must contain a non-null value when exiting constructor. Consider adding the 'required' modifier or declaring the property as nullable. [c:\Repo\Hospital\Hospital.Models\Hospital.Models.csproj]
c:\Repo\Hospital\Hospital.Models\PatientReport.cs(13,23): warning CS8618: Non-nullable property 'DoctorId' must contain a non-null value when exiting constructor. Consider adding the 'required' modifier or declaring the property as nullable. [c:\Repo\Hospital\Hospital.Models\Hospital.Models.csproj]
c:\Repo\Hospital\Hospital.Models\PatientReport.cs(14,23): warning CS8618: Non-nullable property 'Diagnose' must contain a non-null value when exiting constructor. Consider adding the 'required' modifier or declaring the property as nullable. [c:\Repo\Hospital\Hospital.Models\Hospital.Models.csproj]
c:\Repo\Hospital\Hospital.Models\PatientReport.cs(15,23): warning CS8618: Non-nullable property 'MedicineName' must contain a non-null value when exiting constructor. Consider adding the 'required' modifier or declaring the property as nullable. [c:\Repo\Hospital\Hospital.Models\Hospital.Models.csproj]
c:\Repo\Hospital\Hospital.Models\PatientReport.cs(16,32): warning CS8618: Non-nullable property 'Doctor' must contain a non-null value when exiting constructor. Consider adding the 'required' modifier or declaring the property as nullable. [c:\Repo\Hospital\Hospital.Models\Hospital.Models.csproj]
c:\Repo\Hospital\Hospital.Models\PatientReport.cs(17,32): warning CS8618: Non-nullable property 'Patient' must contain a non-null value when exiting constructor. Consider adding the 'required' modifier or declaring the property as nullable. [c:\Repo\Hospital\Hospital.Models\Hospital.Models.csproj]
c:\Repo\Hospital\Hospital.Models\PatientReport.cs(18,48): warning CS8618: Non-nullable property 'PrescribedMedicine' must contain a non-null value when exiting constructor. Consider adding the 'required' modifier or declaring the property as nullable. [c:\Repo\Hospital\Hospital.Models\Hospital.Models.csproj]
c:\Repo\Hospital\Hospital.Models\PrescribedMedicine.cs(12,25): warning CS8618: Non-nullable property 'Medicine' must contain a non-null value when exiting constructor. Consider adding the 'required' modifier or declaring the property as nullable. [c:\Repo\Hospital\Hospital.Models\Hospital.Models.csproj]
c:\Repo\Hospital\Hospital.Models\PrescribedMedicine.cs(13,30): warning CS8618: Non-nullable property 'PatientReport' must contain a non-null value when exiting constructor. Consider adding the 'required' modifier or declaring the property as nullable. [c:\Repo\Hospital\Hospital.Models\Hospital.Models.csproj]
c:\Repo\Hospital\Hospital.Models\Payroll.cs(6,32): warning CS8618: Non-nullable property 'EmployeeId' must contain a non-null value when exiting constructor. Consider adding the 'required' modifier or declaring the property as nullable. [c:\Repo\Hospital\Hospital.Models\Hospital.Models.csproj]
c:\Repo\Hospital\Hospital.Models\Payroll.cs(12,23): warning CS8618: Non-nullable property 'AccountNumber' must contain a non-null value when exiting constructor. Consider adding the 'required' modifier or declaring the property as nullable. [c:\Repo\Hospital\Hospital.Models\Hospital.Models.csproj]
c:\Repo\Hospital\Hospital.Models\TestPrice.cs(12,23): warning CS8618: Non-nullable property 'TestCode' must contain a non-null value when exiting constructor. Consider adding the 'required' modifier or declaring the property as nullable. [c:\Repo\Hospital\Hospital.Models\Hospital.Models.csproj]
c:\Repo\Hospital\Hospital.Models\TestPrice.cs(14,20): warning CS8618: Non-nullable property 'Lab' must contain a non-null value when exiting constructor. Consider adding the 'required' modifier or declaring the property as nullable. [c:\Repo\Hospital\Hospital.Models\Hospital.Models.csproj]
c:\Repo\Hospital\Hospital.Models\TestPrice.cs(15,21): warning CS8618: Non-nullable property 'Bill' must contain a non-null value when exiting constructor. Consider adding the 'required' modifier or declaring the property as nullable. [c:\Repo\Hospital\Hospital.Models\Hospital.Models.csproj]
c:\Repo\Hospital\Hospital.Models\RoomAllocation.cs(9,21): warning CS8618: Non-nullable property 'Room' must contain a non-null value when exiting constructor. Consider adding the 'required' modifier or declaring the property as nullable. [c:\Repo\Hospital\Hospital.Models\Hospital.Models.csproj]
c:\Repo\Hospital\Hospital.Models\RoomAllocation.cs(12,23): warning CS8618: Non-nullable property 'PatientId' must contain a non-null value when exiting constructor. Consider adding the 'required' modifier or declaring the property as nullable. [c:\Repo\Hospital\Hospital.Models\Hospital.Models.csproj]
c:\Repo\Hospital\Hospital.Models\RoomAllocation.cs(13,32): warning CS8618: Non-nullable property 'Patient' must contain a non-null value when exiting constructor. Consider adding the 'required' modifier or declaring the property as nullable. [c:\Repo\Hospital\Hospital.Models\Hospital.Models.csproj]
c:\Repo\Hospital\Hospital.Models\RoomAllocation.cs(15,29): warning CS8618: Non-nullable property 'Hospital' must contain a non-null value when exiting constructor. Consider adding the 'required' modifier or declaring the property as nullable. [c:\Repo\Hospital\Hospital.Models\Hospital.Models.csproj]
c:\Repo\Hospital\Hospital.Models\Supplier.cs(12,23): warning CS8618: Non-nullable property 'Company' must contain a non-null value when exiting constructor. Consider adding the 'required' modifier or declaring the property as nullable. [c:\Repo\Hospital\Hospital.Models\Hospital.Models.csproj]
c:\Repo\Hospital\Hospital.Models\Supplier.cs(13,23): warning CS8618: Non-nullable property 'Phone' must contain a non-null value when exiting constructor. Consider adding the 'required' modifier or declaring the property as nullable. [c:\Repo\Hospital\Hospital.Models\Hospital.Models.csproj]
c:\Repo\Hospital\Hospital.Models\Supplier.cs(14,23): warning CS8618: Non-nullable property 'Email' must contain a non-null value when exiting constructor. Consider adding the 'required' modifier or declaring the property as nullable. [c:\Repo\Hospital\Hospital.Models\Hospital.Models.csproj]
c:\Repo\Hospital\Hospital.Models\Supplier.cs(15,23): warning CS8618: Non-nullable property 'Address' must contain a non-null value when exiting constructor. Consider adding the 'required' modifier or declaring the property as nullable. [c:\Repo\Hospital\Hospital.Models\Hospital.Models.csproj]
c:\Repo\Hospital\Hospital.Models\Supplier.cs(16,44): warning CS8618: Non-nullable property 'MedicineReport' must contain a non-null value when exiting constructor. Consider adding the 'required' modifier or declaring the property as nullable. [c:\Repo\Hospital\Hospital.Models\Hospital.Models.csproj]
c:\Repo\Hospital\Hospital.Models\Room.cs(8,23): warning CS8618: Non-nullable property 'RoomNumber' must contain a non-null value when exiting constructor. Consider adding the 'required' modifier or declaring the property as nullable. [c:\Repo\Hospital\Hospital.Models\Hospital.Models.csproj]
c:\Repo\Hospital\Hospital.Models\Room.cs(9,23): warning CS8618: Non-nullable property 'Type' must contain a non-null value when exiting constructor. Consider adding the 'required' modifier or declaring the property as nullable. [c:\Repo\Hospital\Hospital.Models\Hospital.Models.csproj]
c:\Repo\Hospital\Hospital.Models\Room.cs(11,23): warning CS8618: Non-nullable property 'Status' must contain a non-null value when exiting constructor. Consider adding the 'required' modifier or declaring the property as nullable. [c:\Repo\Hospital\Hospital.Models\Hospital.Models.csproj]
c:\Repo\Hospital\Hospital.Models\Room.cs(13,29): warning CS8618: Non-nullable property 'Hospital' must contain a non-null value when exiting constructor. Consider adding the 'required' modifier or declaring the property as nullable. [c:\Repo\Hospital\Hospital.Models\Hospital.Models.csproj]
  Hospital.Models -> c:\Repo\Hospital\Hospital.Models\bin\Debug\net8.0\Hospital.Models.dll
  Hospital.ViewModels -> C:\Repo\Hospital\Hospital.ViewModels\bin\Debug\net8.0\Hospital.ViewModels.dll
c:\Repo\Hospital\Hospital.Repositories\Interfaces\IGenericRepository.cs(13,48): warning CS8625: Cannot convert null literal to non-nullable reference type. [c:\Repo\Hospital\Hospital.Repositories\Hospital.Repositories.csproj]
c:\Repo\Hospital\Hospital.Repositories\Interfaces\IGenericRepository.cs(14,65): warning CS8625: Cannot convert null literal to non-nullable reference type. [c:\Repo\Hospital\Hospital.Repositories\Hospital.Repositories.csproj]
c:\Repo\Hospital\Hospital.Repositories\Implementation\GenericRepository.cs(71,73): warning CS8625: Cannot convert null literal to non-nullable reference type. [c:\Repo\Hospital\Hospital.Repositories\Hospital.Repositories.csproj]
c:\Repo\Hospital\Hospital.Repositories\Implementation\GenericRepository.cs(72,65): warning CS8625: Cannot convert null literal to non-nullable reference type. [c:\Repo\Hospital\Hospital.Repositories\Hospital.Repositories.csproj]
c:\Repo\Hospital\Hospital.Repositories\Implementation\GenericRepository.cs(28,30): warning CS1998: This async method lacks 'await' operators and will run synchronously. Consider using the 'await' operator to await non-blocking API calls, or 'await Task.Run(...)' to do CPU-bound work on a background thread. [c:\Repo\Hospital\Hospital.Repositories\Hospital.Repositories.csproj]
c:\Repo\Hospital\Hospital.Repositories\Implementation\GenericRepository.cs(42,30): warning CS1998: This async method lacks 'await' operators and will run synchronously. Consider using the 'await' operator to await non-blocking API calls, or 'await Task.Run(...)' to do CPU-bound work on a background thread. [c:\Repo\Hospital\Hospital.Repositories\Hospital.Repositories.csproj]
c:\Repo\Hospital\Hospital.Repositories\Implementation\GenericRepository.cs(97,20): warning CS8603: Possible null reference return. [c:\Repo\Hospital\Hospital.Repositories\Hospital.Repositories.csproj]
c:\Repo\Hospital\Hospital.Repositories\Implementation\GenericRepository.cs(102,20): warning CS8603: Possible null reference return. [c:\Repo\Hospital\Hospital.Repositories\Hospital.Repositories.csproj]
c:\Repo\Hospital\Hospital.Repositories\Implementation\GenericRepository.cs(111,30): warning CS1998: This async method lacks 'await' operators and will run synchronously. Consider using the 'await' operator to await non-blocking API calls, or 'await Task.Run(...)' to do CPU-bound work on a background thread. [c:\Repo\Hospital\Hospital.Repositories\Hospital.Repositories.csproj]
  Hospital.Repositories -> c:\Repo\Hospital\Hospital.Repositories\bin\Debug\net8.0\Hospital.Repositories.dll
c:\Repo\Hospital\Hospital.Utilities\PagedResult.cs(11,16): warning CS8618: Non-nullable property 'Data' must contain a non-null value when exiting constructor. Consider adding the 'required' modifier or declaring the property as nullable. [c:\Repo\Hospital\Hospital.Utilities\Hospital.Utilities.csproj]
c:\Repo\Hospital\Hospital.Utilities\DbIntializer.cs(37,30): warning CS0168: The variable 'ex' is declared but never used [c:\Repo\Hospital\Hospital.Utilities\Hospital.Utilities.csproj]
  Hospital.Utilities -> c:\Repo\Hospital\Hospital.Utilities\bin\Debug\net8.0\Hospital.Utilities.dll
  Hospital.Services -> C:\Repo\Hospital\Hospital.Services\bin\Debug\net8.0\Hospital.Services.dll
c:\Repo\Hospital\Hospital.Web\Areas\Doctor\Controllers\DoctorsController.cs(63,28): warning CS8600: Converting null literal or possible null value to non-nullable type. [c:\Repo\Hospital\Hospital.Web\Hospital.Web.csproj]
c:\Repo\Hospital\Hospital.Web\Areas\Doctor\Controllers\DoctorsController.cs(64,26): warning CS8602: Dereference of a possibly null reference. [c:\Repo\Hospital\Hospital.Web\Hospital.Web.csproj]
c:\Repo\Hospital\Hospital.Web\Areas\Admin\Controllers\RoomsController.cs(16,16): warning CS8618: Non-nullable field '_hospitalInfo' must contain a non-null value when exiting constructor. Consider adding the 'required' modifier or declaring the field as nullable. [c:\Repo\Hospital\Hospital.Web\Hospital.Web.csproj]
c:\Repo\Hospital\Hospital.Web\Areas\Admin\Controllers\RoomsController.cs(14,31): warning CS0169: The field 'RoomsController._hospitalInfo' is never used [c:\Repo\Hospital\Hospital.Web\Hospital.Web.csproj]
  Hospital.Web -> c:\Repo\Hospital\Hospital.Web\bin\Debug\net8.0\Hospital.Web.dll

Build succeeded.

c:\Repo\Hospital\Hospital.Models\Hospital.Models.csproj : warning NU1602: DotNetOpenAuth.Core 4.3.4.13329 does not provide an inclusive lower bound for dependency Microsoft.Net.Http. Microsoft.Net.Http 2.0.20505 was resolved instead. [c:\Repo\Hospital\Hospital.Web\Hospital.Web.csproj]
c:\Repo\Hospital\Hospital.ViewModels\Hospital.ViewModels.csproj : warning NU1602: DotNetOpenAuth.Core 4.3.4.13329 does not provide an inclusive lower bound for dependency Microsoft.Net.Http. Microsoft.Net.Http 2.0.20505 was resolved instead. [c:\Repo\Hospital\Hospital.Web\Hospital.Web.csproj]
c:\Repo\Hospital\Hospital.Repositories\Hospital.Repositories.csproj : warning NU1602: DotNetOpenAuth.Core 4.3.4.13329 does not provide an inclusive lower bound for dependency Microsoft.Net.Http. Microsoft.Net.Http 2.0.20505 was resolved instead. [c:\Repo\Hospital\Hospital.Web\Hospital.Web.csproj]
C:\Repo\Hospital\Hospital.Services\Hospital.Services.csproj : warning NU1602: DotNetOpenAuth.Core 4.3.4.13329 does not provide an inclusive lower bound for dependency Microsoft.Net.Http. Microsoft.Net.Http 2.0.20505 was resolved instead. [c:\Repo\Hospital\Hospital.Web\Hospital.Web.csproj]
c:\Repo\Hospital\Hospital.Utilities\Hospital.Utilities.csproj : warning NU1602: DotNetOpenAuth.Core 4.3.4.13329 does not provide an inclusive lower bound for dependency Microsoft.Net.Http. Microsoft.Net.Http 2.0.20505 was resolved instead. [c:\Repo\Hospital\Hospital.Web\Hospital.Web.csproj]
c:\Repo\Hospital\Hospital.Web\Hospital.Web.csproj : warning NU1602: DotNetOpenAuth.Core 4.3.4.13329 does not provide an inclusive lower bound for dependency Microsoft.Net.Http. Microsoft.Net.Http 2.0.20505 was resolved instead.
c:\Repo\Hospital\Hospital.ViewModels\Hospital.ViewModels.csproj : warning NU1701: Package 'DotNetOpenAuth.Core 4.3.4.13329' was restored using '.NETFramework,Version=v4.6.1, .NETFramework,Version=v4.6.2, .NETFramework,Version=v4.7, .NETFramework,Version=v4.7.1, .NETFramework,Version=v4.7.2, .NETFramework,Version=v4.8, .NETFramework,Version=v4.8.1' instead of the project target framework 'net8.0'. This package may not be fully compatible with your project. [c:\Repo\Hospital\Hospital.Web\Hospital.Web.csproj]
c:\Repo\Hospital\Hospital.Utilities\Hospital.Utilities.csproj : warning NU1701: Package 'DotNetOpenAuth.Core 4.3.4.13329' was restored using '.NETFramework,Version=v4.6.1, .NETFramework,Version=v4.6.2, .NETFramework,Version=v4.7, .NETFramework,Version=v4.7.1, .NETFramework,Version=v4.7.2, .NETFramework,Version=v4.8, .NETFramework,Version=v4.8.1' instead of the project target framework 'net8.0'. This package may not be fully compatible with your project. [c:\Repo\Hospital\Hospital.Web\Hospital.Web.csproj]
c:\Repo\Hospital\Hospital.Models\Hospital.Models.csproj : warning NU1701: Package 'DotNetOpenAuth.Core 4.3.4.13329' was restored using '.NETFramework,Version=v4.6.1, .NETFramework,Version=v4.6.2, .NETFramework,Version=v4.7, .NETFramework,Version=v4.7.1, .NETFramework,Version=v4.7.2, .NETFramework,Version=v4.8, .NETFramework,Version=v4.8.1' instead of the project target framework 'net8.0'. This package may not be fully compatible with your project. [c:\Repo\Hospital\Hospital.Web\Hospital.Web.csproj]
c:\Repo\Hospital\Hospital.Repositories\Hospital.Repositories.csproj : warning NU1701: Package 'DotNetOpenAuth.Core 4.3.4.13329' was restored using '.NETFramework,Version=v4.6.1, .NETFramework,Version=v4.6.2, .NETFramework,Version=v4.7, .NETFramework,Version=v4.7.1, .NETFramework,Version=v4.7.2, .NETFramework,Version=v4.8, .NETFramework,Version=v4.8.1' instead of the project target framework 'net8.0'. This package may not be fully compatible with your project. [c:\Repo\Hospital\Hospital.Web\Hospital.Web.csproj]
c:\Repo\Hospital\Hospital.Models\Hospital.Models.csproj : warning NU1701: Package 'DotNetOpenAuth.OpenId.Core 4.3.4.13329' was restored using '.NETFramework,Version=v4.6.1, .NETFramework,Version=v4.6.2, .NETFramework,Version=v4.7, .NETFramework,Version=v4.7.1, .NETFramework,Version=v4.7.2, .NETFramework,Version=v4.8, .NETFramework,Version=v4.8.1' instead of the project target framework 'net8.0'. This package may not be fully compatible with your project. [c:\Repo\Hospital\Hospital.Web\Hospital.Web.csproj]
c:\Repo\Hospital\Hospital.Repositories\Hospital.Repositories.csproj : warning NU1701: Package 'DotNetOpenAuth.OpenId.Core 4.3.4.13329' was restored using '.NETFramework,Version=v4.6.1, .NETFramework,Version=v4.6.2, .NETFramework,Version=v4.7, .NETFramework,Version=v4.7.1, .NETFramework,Version=v4.7.2, .NETFramework,Version=v4.8, .NETFramework,Version=v4.8.1' instead of the project target framework 'net8.0'. This package may not be fully compatible with your project. [c:\Repo\Hospital\Hospital.Web\Hospital.Web.csproj]
c:\Repo\Hospital\Hospital.ViewModels\Hospital.ViewModels.csproj : warning NU1701: Package 'DotNetOpenAuth.OpenId.Core 4.3.4.13329' was restored using '.NETFramework,Version=v4.6.1, .NETFramework,Version=v4.6.2, .NETFramework,Version=v4.7, .NETFramework,Version=v4.7.1, .NETFramework,Version=v4.7.2, .NETFramework,Version=v4.8, .NETFramework,Version=v4.8.1' instead of the project target framework 'net8.0'. This package may not be fully compatible with your project. [c:\Repo\Hospital\Hospital.Web\Hospital.Web.csproj]
c:\Repo\Hospital\Hospital.Utilities\Hospital.Utilities.csproj : warning NU1701: Package 'DotNetOpenAuth.OpenId.Core 4.3.4.13329' was restored using '.NETFramework,Version=v4.6.1, .NETFramework,Version=v4.6.2, .NETFramework,Version=v4.7, .NETFramework,Version=v4.7.1, .NETFramework,Version=v4.7.2, .NETFramework,Version=v4.8, .NETFramework,Version=v4.8.1' instead of the project target framework 'net8.0'. This package may not be fully compatible with your project. [c:\Repo\Hospital\Hospital.Web\Hospital.Web.csproj]
C:\Repo\Hospital\Hospital.Services\Hospital.Services.csproj : warning NU1701: Package 'DotNetOpenAuth.Core 4.3.4.13329' was restored using '.NETFramework,Version=v4.6.1, .NETFramework,Version=v4.6.2, .NETFramework,Version=v4.7, .NETFramework,Version=v4.7.1, .NETFramework,Version=v4.7.2, .NETFramework,Version=v4.8, .NETFramework,Version=v4.8.1' instead of the project target framework 'net8.0'. This package may not be fully compatible with your project. [c:\Repo\Hospital\Hospital.Web\Hospital.Web.csproj]
C:\Repo\Hospital\Hospital.Services\Hospital.Services.csproj : warning NU1701: Package 'DotNetOpenAuth.OpenId.Core 4.3.4.13329' was restored using '.NETFramework,Version=v4.6.1, .NETFramework,Version=v4.6.2, .NETFramework,Version=v4.7, .NETFramework,Version=v4.7.1, .NETFramework,Version=v4.7.2, .NETFramework,Version=v4.8, .NETFramework,Version=v4.8.1' instead of the project target framework 'net8.0'. This package may not be fully compatible with your project. [c:\Repo\Hospital\Hospital.Web\Hospital.Web.csproj]
c:\Repo\Hospital\Hospital.Models\Hospital.Models.csproj : warning NU1701: Package 'Microsoft.Net.Http 2.0.20505' was restored using '.NETFramework,Version=v4.6.1, .NETFramework,Version=v4.6.2, .NETFramework,Version=v4.7, .NETFramework,Version=v4.7.1, .NETFramework,Version=v4.7.2, .NETFramework,Version=v4.8, .NETFramework,Version=v4.8.1' instead of the project target framework 'net8.0'. This package may not be fully compatible with your project. [c:\Repo\Hospital\Hospital.Web\Hospital.Web.csproj]
c:\Repo\Hospital\Hospital.Web\Hospital.Web.csproj : warning NU1701: Package 'DotNetOpenAuth.Core 4.3.4.13329' was restored using '.NETFramework,Version=v4.6.1, .NETFramework,Version=v4.6.2, .NETFramework,Version=v4.7, .NETFramework,Version=v4.7.1, .NETFramework,Version=v4.7.2, .NETFramework,Version=v4.8, .NETFramework,Version=v4.8.1' instead of the project target framework 'net8.0'. This package may not be fully compatible with your project.
c:\Repo\Hospital\Hospital.Web\Hospital.Web.csproj : warning NU1701: Package 'DotNetOpenAuth.OpenId.Core 4.3.4.13329' was restored using '.NETFramework,Version=v4.6.1, .NETFramework,Version=v4.6.2, .NETFramework,Version=v4.7, .NETFramework,Version=v4.7.1, .NETFramework,Version=v4.7.2, .NETFramework,Version=v4.8, .NETFramework,Version=v4.8.1' instead of the project target framework 'net8.0'. This package may not be fully compatible with your project.
c:\Repo\Hospital\Hospital.ViewModels\Hospital.ViewModels.csproj : warning NU1701: Package 'Microsoft.Net.Http 2.0.20505' was restored using '.NETFramework,Version=v4.6.1, .NETFramework,Version=v4.6.2, .NETFramework,Version=v4.7, .NETFramework,Version=v4.7.1, .NETFramework,Version=v4.7.2, .NETFramework,Version=v4.8, .NETFramework,Version=v4.8.1' instead of the project target framework 'net8.0'. This package may not be fully compatible with your project. [c:\Repo\Hospital\Hospital.Web\Hospital.Web.csproj]
c:\Repo\Hospital\Hospital.Repositories\Hospital.Repositories.csproj : warning NU1701: Package 'Microsoft.Net.Http 2.0.20505' was restored using '.NETFramework,Version=v4.6.1, .NETFramework,Version=v4.6.2, .NETFramework,Version=v4.7, .NETFramework,Version=v4.7.1, .NETFramework,Version=v4.7.2, .NETFramework,Version=v4.8, .NETFramework,Version=v4.8.1' instead of the project target framework 'net8.0'. This package may not be fully compatible with your project. [c:\Repo\Hospital\Hospital.Web\Hospital.Web.csproj]
C:\Repo\Hospital\Hospital.Services\Hospital.Services.csproj : warning NU1701: Package 'Microsoft.Net.Http 2.0.20505' was restored using '.NETFramework,Version=v4.6.1, .NETFramework,Version=v4.6.2, .NETFramework,Version=v4.7, .NETFramework,Version=v4.7.1, .NETFramework,Version=v4.7.2, .NETFramework,Version=v4.8, .NETFramework,Version=v4.8.1' instead of the project target framework 'net8.0'. This package may not be fully compatible with your project. [c:\Repo\Hospital\Hospital.Web\Hospital.Web.csproj]
c:\Repo\Hospital\Hospital.Utilities\Hospital.Utilities.csproj : warning NU1701: Package 'Microsoft.Net.Http 2.0.20505' was restored using '.NETFramework,Version=v4.6.1, .NETFramework,Version=v4.6.2, .NETFramework,Version=v4.7, .NETFramework,Version=v4.7.1, .NETFramework,Version=v4.7.2, .NETFramework,Version=v4.8, .NETFramework,Version=v4.8.1' instead of the project target framework 'net8.0'. This package may not be fully compatible with your project. [c:\Repo\Hospital\Hospital.Web\Hospital.Web.csproj]
c:\Repo\Hospital\Hospital.Web\Hospital.Web.csproj : warning NU1701: Package 'Microsoft.Net.Http 2.0.20505' was restored using '.NETFramework,Version=v4.6.1, .NETFramework,Version=v4.6.2, .NETFramework,Version=v4.7, .NETFramework,Version=v4.7.1, .NETFramework,Version=v4.7.2, .NETFramework,Version=v4.8, .NETFramework,Version=v4.8.1' instead of the project target framework 'net8.0'. This package may not be fully compatible with your project.
c:\Repo\Hospital\Hospital.Web\Hospital.Web.csproj : warning NU1602: DotNetOpenAuth.Core 4.3.4.13329 does not provide an inclusive lower bound for dependency Microsoft.Net.Http. Microsoft.Net.Http 2.0.20505 was resolved instead.
c:\Repo\Hospital\Hospital.Web\Hospital.Web.csproj : warning NU1701: Package 'DotNetOpenAuth.Core 4.3.4.13329' was restored using '.NETFramework,Version=v4.6.1, .NETFramework,Version=v4.6.2, .NETFramework,Version=v4.7, .NETFramework,Version=v4.7.1, .NETFramework,Version=v4.7.2, .NETFramework,Version=v4.8, .NETFramework,Version=v4.8.1' instead of the project target framework 'net8.0'. This package may not be fully compatible with your project.
c:\Repo\Hospital\Hospital.Web\Hospital.Web.csproj : warning NU1701: Package 'DotNetOpenAuth.OpenId.Core 4.3.4.13329' was restored using '.NETFramework,Version=v4.6.1, .NETFramework,Version=v4.6.2, .NETFramework,Version=v4.7, .NETFramework,Version=v4.7.1, .NETFramework,Version=v4.7.2, .NETFramework,Version=v4.8, .NETFramework,Version=v4.8.1' instead of the project target framework 'net8.0'. This package may not be fully compatible with your project.
c:\Repo\Hospital\Hospital.Web\Hospital.Web.csproj : warning NU1701: Package 'Microsoft.Net.Http 2.0.20505' was restored using '.NETFramework,Version=v4.6.1, .NETFramework,Version=v4.6.2, .NETFramework,Version=v4.7, .NETFramework,Version=v4.7.1, .NETFramework,Version=v4.7.2, .NETFramework,Version=v4.8, .NETFramework,Version=v4.8.1' instead of the project target framework 'net8.0'. This package may not be fully compatible with your project.
C:\Repo\Hospital\Hospital.Services\Hospital.Services.csproj : warning NU1602: DotNetOpenAuth.Core 4.3.4.13329 does not provide an inclusive lower bound for dependency Microsoft.Net.Http. Microsoft.Net.Http 2.0.20505 was resolved instead. [c:\Repo\Hospital\Hospital.Services\Hospital.Services.csproj]
C:\Repo\Hospital\Hospital.Services\Hospital.Services.csproj : warning NU1701: Package 'DotNetOpenAuth.Core 4.3.4.13329' was restored using '.NETFramework,Version=v4.6.1, .NETFramework,Version=v4.6.2, .NETFramework,Version=v4.7, .NETFramework,Version=v4.7.1, .NETFramework,Version=v4.7.2, .NETFramework,Version=v4.8, .NETFramework,Version=v4.8.1' instead of the project target framework 'net8.0'. This package may not be fully compatible with your project. [c:\Repo\Hospital\Hospital.Services\Hospital.Services.csproj]
C:\Repo\Hospital\Hospital.Services\Hospital.Services.csproj : warning NU1701: Package 'DotNetOpenAuth.OpenId.Core 4.3.4.13329' was restored using '.NETFramework,Version=v4.6.1, .NETFramework,Version=v4.6.2, .NETFramework,Version=v4.7, .NETFramework,Version=v4.7.1, .NETFramework,Version=v4.7.2, .NETFramework,Version=v4.8, .NETFramework,Version=v4.8.1' instead of the project target framework 'net8.0'. This package may not be fully compatible with your project. [c:\Repo\Hospital\Hospital.Services\Hospital.Services.csproj]
C:\Repo\Hospital\Hospital.Services\Hospital.Services.csproj : warning NU1701: Package 'Microsoft.Net.Http 2.0.20505' was restored using '.NETFramework,Version=v4.6.1, .NETFramework,Version=v4.6.2, .NETFramework,Version=v4.7, .NETFramework,Version=v4.7.1, .NETFramework,Version=v4.7.2, .NETFramework,Version=v4.8, .NETFramework,Version=v4.8.1' instead of the project target framework 'net8.0'. This package may not be fully compatible with your project. [c:\Repo\Hospital\Hospital.Services\Hospital.Services.csproj]
c:\Repo\Hospital\Hospital.Models\Hospital.Models.csproj : warning NU1602: DotNetOpenAuth.Core 4.3.4.13329 does not provide an inclusive lower bound for dependency Microsoft.Net.Http. Microsoft.Net.Http 2.0.20505 was resolved instead.
c:\Repo\Hospital\Hospital.Models\Hospital.Models.csproj : warning NU1701: Package 'DotNetOpenAuth.Core 4.3.4.13329' was restored using '.NETFramework,Version=v4.6.1, .NETFramework,Version=v4.6.2, .NETFramework,Version=v4.7, .NETFramework,Version=v4.7.1, .NETFramework,Version=v4.7.2, .NETFramework,Version=v4.8, .NETFramework,Version=v4.8.1' instead of the project target framework 'net8.0'. This package may not be fully compatible with your project.
c:\Repo\Hospital\Hospital.Models\Hospital.Models.csproj : warning NU1701: Package 'DotNetOpenAuth.OpenId.Core 4.3.4.13329' was restored using '.NETFramework,Version=v4.6.1, .NETFramework,Version=v4.6.2, .NETFramework,Version=v4.7, .NETFramework,Version=v4.7.1, .NETFramework,Version=v4.7.2, .NETFramework,Version=v4.8, .NETFramework,Version=v4.8.1' instead of the project target framework 'net8.0'. This package may not be fully compatible with your project.
c:\Repo\Hospital\Hospital.Models\Hospital.Models.csproj : warning NU1701: Package 'Microsoft.Net.Http 2.0.20505' was restored using '.NETFramework,Version=v4.6.1, .NETFramework,Version=v4.6.2, .NETFramework,Version=v4.7, .NETFramework,Version=v4.7.1, .NETFramework,Version=v4.7.2, .NETFramework,Version=v4.8, .NETFramework,Version=v4.8.1' instead of the project target framework 'net8.0'. This package may not be fully compatible with your project.
c:\Repo\Hospital\Hospital.Repositories\Hospital.Repositories.csproj : warning NU1602: DotNetOpenAuth.Core 4.3.4.13329 does not provide an inclusive lower bound for dependency Microsoft.Net.Http. Microsoft.Net.Http 2.0.20505 was resolved instead.
c:\Repo\Hospital\Hospital.Repositories\Hospital.Repositories.csproj : warning NU1701: Package 'DotNetOpenAuth.Core 4.3.4.13329' was restored using '.NETFramework,Version=v4.6.1, .NETFramework,Version=v4.6.2, .NETFramework,Version=v4.7, .NETFramework,Version=v4.7.1, .NETFramework,Version=v4.7.2, .NETFramework,Version=v4.8, .NETFramework,Version=v4.8.1' instead of the project target framework 'net8.0'. This package may not be fully compatible with your project.
c:\Repo\Hospital\Hospital.Repositories\Hospital.Repositories.csproj : warning NU1701: Package 'DotNetOpenAuth.OpenId.Core 4.3.4.13329' was restored using '.NETFramework,Version=v4.6.1, .NETFramework,Version=v4.6.2, .NETFramework,Version=v4.7, .NETFramework,Version=v4.7.1, .NETFramework,Version=v4.7.2, .NETFramework,Version=v4.8, .NETFramework,Version=v4.8.1' instead of the project target framework 'net8.0'. This package may not be fully compatible with your project.
c:\Repo\Hospital\Hospital.Repositories\Hospital.Repositories.csproj : warning NU1701: Package 'Microsoft.Net.Http 2.0.20505' was restored using '.NETFramework,Version=v4.6.1, .NETFramework,Version=v4.6.2, .NETFramework,Version=v4.7, .NETFramework,Version=v4.7.1, .NETFramework,Version=v4.7.2, .NETFramework,Version=v4.8, .NETFramework,Version=v4.8.1' instead of the project target framework 'net8.0'. This package may not be fully compatible with your project.
C:\Repo\Hospital\Hospital.ViewModels\Hospital.ViewModels.csproj : warning NU1602: DotNetOpenAuth.Core 4.3.4.13329 does not provide an inclusive lower bound for dependency Microsoft.Net.Http. Microsoft.Net.Http 2.0.20505 was resolved instead. [c:\Repo\Hospital\Hospital.ViewModels\Hospital.ViewModels.csproj]
C:\Repo\Hospital\Hospital.ViewModels\Hospital.ViewModels.csproj : warning NU1701: Package 'DotNetOpenAuth.Core 4.3.4.13329' was restored using '.NETFramework,Version=v4.6.1, .NETFramework,Version=v4.6.2, .NETFramework,Version=v4.7, .NETFramework,Version=v4.7.1, .NETFramework,Version=v4.7.2, .NETFramework,Version=v4.8, .NETFramework,Version=v4.8.1' instead of the project target framework 'net8.0'. This package may not be fully compatible with your project. [c:\Repo\Hospital\Hospital.ViewModels\Hospital.ViewModels.csproj]
C:\Repo\Hospital\Hospital.ViewModels\Hospital.ViewModels.csproj : warning NU1701: Package 'DotNetOpenAuth.OpenId.Core 4.3.4.13329' was restored using '.NETFramework,Version=v4.6.1, .NETFramework,Version=v4.6.2, .NETFramework,Version=v4.7, .NETFramework,Version=v4.7.1, .NETFramework,Version=v4.7.2, .NETFramework,Version=v4.8, .NETFramework,Version=v4.8.1' instead of the project target framework 'net8.0'. This package may not be fully compatible with your project. [c:\Repo\Hospital\Hospital.ViewModels\Hospital.ViewModels.csproj]
c:\Repo\Hospital\Hospital.Utilities\Hospital.Utilities.csproj : warning NU1602: DotNetOpenAuth.Core 4.3.4.13329 does not provide an inclusive lower bound for dependency Microsoft.Net.Http. Microsoft.Net.Http 2.0.20505 was resolved instead.
C:\Repo\Hospital\Hospital.ViewModels\Hospital.ViewModels.csproj : warning NU1701: Package 'Microsoft.Net.Http 2.0.20505' was restored using '.NETFramework,Version=v4.6.1, .NETFramework,Version=v4.6.2, .NETFramework,Version=v4.7, .NETFramework,Version=v4.7.1, .NETFramework,Version=v4.7.2, .NETFramework,Version=v4.8, .NETFramework,Version=v4.8.1' instead of the project target framework 'net8.0'. This package may not be fully compatible with your project. [c:\Repo\Hospital\Hospital.ViewModels\Hospital.ViewModels.csproj]
c:\Repo\Hospital\Hospital.Utilities\Hospital.Utilities.csproj : warning NU1701: Package 'DotNetOpenAuth.Core 4.3.4.13329' was restored using '.NETFramework,Version=v4.6.1, .NETFramework,Version=v4.6.2, .NETFramework,Version=v4.7, .NETFramework,Version=v4.7.1, .NETFramework,Version=v4.7.2, .NETFramework,Version=v4.8, .NETFramework,Version=v4.8.1' instead of the project target framework 'net8.0'. This package may not be fully compatible with your project.
c:\Repo\Hospital\Hospital.Utilities\Hospital.Utilities.csproj : warning NU1701: Package 'DotNetOpenAuth.OpenId.Core 4.3.4.13329' was restored using '.NETFramework,Version=v4.6.1, .NETFramework,Version=v4.6.2, .NETFramework,Version=v4.7, .NETFramework,Version=v4.7.1, .NETFramework,Version=v4.7.2, .NETFramework,Version=v4.8, .NETFramework,Version=v4.8.1' instead of the project target framework 'net8.0'. This package may not be fully compatible with your project.
c:\Repo\Hospital\Hospital.Utilities\Hospital.Utilities.csproj : warning NU1701: Package 'Microsoft.Net.Http 2.0.20505' was restored using '.NETFramework,Version=v4.6.1, .NETFramework,Version=v4.6.2, .NETFramework,Version=v4.7, .NETFramework,Version=v4.7.1, .NETFramework,Version=v4.7.2, .NETFramework,Version=v4.8, .NETFramework,Version=v4.8.1' instead of the project target framework 'net8.0'. This package may not be fully compatible with your project.
c:\Repo\Hospital\Hospital.Models\Appointment.cs(6,23): warning CS8618: Non-nullable property 'Number' must contain a non-null value when exiting constructor. Consider adding the 'required' modifier or declaring the property as nullable. [c:\Repo\Hospital\Hospital.Models\Hospital.Models.csproj]
c:\Repo\Hospital\Hospital.Models\Appointment.cs(7,23): warning CS8618: Non-nullable property 'Type' must contain a non-null value when exiting constructor. Consider adding the 'required' modifier or declaring the property as nullable. [c:\Repo\Hospital\Hospital.Models\Hospital.Models.csproj]
c:\Repo\Hospital\Hospital.Models\Appointment.cs(9,23): warning CS8618: Non-nullable property 'Description' must contain a non-null value when exiting constructor. Consider adding the 'required' modifier or declaring the property as nullable. [c:\Repo\Hospital\Hospital.Models\Hospital.Models.csproj]
c:\Repo\Hospital\Hospital.Models\Appointment.cs(10,32): warning CS8618: Non-nullable property 'Doctor' must contain a non-null value when exiting constructor. Consider adding the 'required' modifier or declaring the property as nullable. [c:\Repo\Hospital\Hospital.Models\Hospital.Models.csproj]
c:\Repo\Hospital\Hospital.Models\Appointment.cs(11,32): warning CS8618: Non-nullable property 'Patient' must contain a non-null value when exiting constructor. Consider adding the 'required' modifier or declaring the property as nullable. [c:\Repo\Hospital\Hospital.Models\Hospital.Models.csproj]
c:\Repo\Hospital\Hospital.Models\Bed.cs(6,23): warning CS8618: Non-nullable property 'BedNumber' must contain a non-null value when exiting constructor. Consider adding the 'required' modifier or declaring the property as nullable. [c:\Repo\Hospital\Hospital.Models\Hospital.Models.csproj]
c:\Repo\Hospital\Hospital.Models\Bed.cs(8,21): warning CS8618: Non-nullable property 'Room' must contain a non-null value when exiting constructor. Consider adding the 'required' modifier or declaring the property as nullable. [c:\Repo\Hospital\Hospital.Models\Hospital.Models.csproj]
c:\Repo\Hospital\Hospital.Models\Contact.cs(7,29): warning CS8618: Non-nullable property 'Hospital' must contain a non-null value when exiting constructor. Consider adding the 'required' modifier or declaring the property as nullable. [c:\Repo\Hospital\Hospital.Models\Hospital.Models.csproj]
c:\Repo\Hospital\Hospital.Models\Contact.cs(8,23): warning CS8618: Non-nullable property 'Email' must contain a non-null value when exiting constructor. Consider adding the 'required' modifier or declaring the property as nullable. [c:\Repo\Hospital\Hospital.Models\Hospital.Models.csproj]
c:\Repo\Hospital\Hospital.Models\Contact.cs(9,23): warning CS8618: Non-nullable property 'Phone' must contain a non-null value when exiting constructor. Consider adding the 'required' modifier or declaring the property as nullable. [c:\Repo\Hospital\Hospital.Models\Hospital.Models.csproj]
c:\Repo\Hospital\Hospital.Models\Timming.cs(13,32): warning CS8618: Non-nullable property 'Doctor' must contain a non-null value when exiting constructor. Consider adding the 'required' modifier or declaring the property as nullable. [c:\Repo\Hospital\Hospital.Models\Hospital.Models.csproj]
c:\Repo\Hospital\Hospital.Models\HospitalInfo.cs(13,23): warning CS8618: Non-nullable property 'Name' must contain a non-null value when exiting constructor. Consider adding the 'required' modifier or declaring the property as nullable. [c:\Repo\Hospital\Hospital.Models\Hospital.Models.csproj]
c:\Repo\Hospital\Hospital.Models\HospitalInfo.cs(14,23): warning CS8618: Non-nullable property 'Type' must contain a non-null value when exiting constructor. Consider adding the 'required' modifier or declaring the property as nullable. [c:\Repo\Hospital\Hospital.Models\Hospital.Models.csproj]
c:\Repo\Hospital\Hospital.Models\HospitalInfo.cs(15,23): warning CS8618: Non-nullable property 'City' must contain a non-null value when exiting constructor. Consider adding the 'required' modifier or declaring the property as nullable. [c:\Repo\Hospital\Hospital.Models\Hospital.Models.csproj]
c:\Repo\Hospital\Hospital.Models\HospitalInfo.cs(16,23): warning CS8618: Non-nullable property 'Pincode' must contain a non-null value when exiting constructor. Consider adding the 'required' modifier or declaring the property as nullable. [c:\Repo\Hospital\Hospital.Models\Hospital.Models.csproj]
c:\Repo\Hospital\Hospital.Models\HospitalInfo.cs(17,23): warning CS8618: Non-nullable property 'Country' must contain a non-null value when exiting constructor. Consider adding the 'required' modifier or declaring the property as nullable. [c:\Repo\Hospital\Hospital.Models\Hospital.Models.csproj]
c:\Repo\Hospital\Hospital.Models\HospitalInfo.cs(18,34): warning CS8618: Non-nullable property 'Rooms' must contain a non-null value when exiting constructor. Consider adding the 'required' modifier or declaring the property as nullable. [c:\Repo\Hospital\Hospital.Models\Hospital.Models.csproj]
c:\Repo\Hospital\Hospital.Models\HospitalInfo.cs(19,37): warning CS8618: Non-nullable property 'Contacts' must contain a non-null value when exiting constructor. Consider adding the 'required' modifier or declaring the property as nullable. [c:\Repo\Hospital\Hospital.Models\Hospital.Models.csproj]
c:\Repo\Hospital\Hospital.Models\Medicine.cs(12,23): warning CS8618: Non-nullable property 'Name' must contain a non-null value when exiting constructor. Consider adding the 'required' modifier or declaring the property as nullable. [c:\Repo\Hospital\Hospital.Models\Hospital.Models.csproj]
c:\Repo\Hospital\Hospital.Models\Medicine.cs(13,23): warning CS8618: Non-nullable property 'Type' must contain a non-null value when exiting constructor. Consider adding the 'required' modifier or declaring the property as nullable. [c:\Repo\Hospital\Hospital.Models\Hospital.Models.csproj]
c:\Repo\Hospital\Hospital.Models\Medicine.cs(15,23): warning CS8618: Non-nullable property 'Description' must contain a non-null value when exiting constructor. Consider adding the 'required' modifier or declaring the property as nullable. [c:\Repo\Hospital\Hospital.Models\Hospital.Models.csproj]
c:\Repo\Hospital\Hospital.Models\Medicine.cs(16,44): warning CS8618: Non-nullable property 'MedicineReport' must contain a non-null value when exiting constructor. Consider adding the 'required' modifier or declaring the property as nullable. [c:\Repo\Hospital\Hospital.Models\Hospital.Models.csproj]
c:\Repo\Hospital\Hospital.Models\Medicine.cs(17,48): warning CS8618: Non-nullable property 'PrescribedMedicine' must contain a non-null value when exiting constructor. Consider adding the 'required' modifier or declaring the property as nullable. [c:\Repo\Hospital\Hospital.Models\Hospital.Models.csproj]
c:\Repo\Hospital\Hospital.Models\Department.cs(12,23): warning CS8618: Non-nullable property 'Name' must contain a non-null value when exiting constructor. Consider adding the 'required' modifier or declaring the property as nullable. [c:\Repo\Hospital\Hospital.Models\Hospital.Models.csproj]
c:\Repo\Hospital\Hospital.Models\Department.cs(13,23): warning CS8618: Non-nullable property 'Description' must contain a non-null value when exiting constructor. Consider adding the 'required' modifier or declaring the property as nullable. [c:\Repo\Hospital\Hospital.Models\Hospital.Models.csproj]
c:\Repo\Hospital\Hospital.Models\Department.cs(14,45): warning CS8618: Non-nullable property 'Employees' must contain a non-null value when exiting constructor. Consider adding the 'required' modifier or declaring the property as nullable. [c:\Repo\Hospital\Hospital.Models\Hospital.Models.csproj]
c:\Repo\Hospital\Hospital.Models\Bill.cs(7,32): warning CS8618: Non-nullable property 'Patient' must contain a non-null value when exiting constructor. Consider adding the 'required' modifier or declaring the property as nullable. [c:\Repo\Hospital\Hospital.Models\Hospital.Models.csproj]
c:\Repo\Hospital\Hospital.Models\Bill.cs(8,26): warning CS8618: Non-nullable property 'Insurance' must contain a non-null value when exiting constructor. Consider adding the 'required' modifier or declaring the property as nullable. [c:\Repo\Hospital\Hospital.Models\Hospital.Models.csproj]
c:\Repo\Hospital\Hospital.Models\ApplicationUser.cs(14,23): warning CS8618: Non-nullable property 'Name' must contain a non-null value when exiting constructor. Consider adding the 'required' modifier or declaring the property as nullable. [c:\Repo\Hospital\Hospital.Models\Hospital.Models.csproj]
c:\Repo\Hospital\Hospital.Models\ApplicationUser.cs(16,23): warning CS8618: Non-nullable property 'Nationality' must contain a non-null value when exiting constructor. Consider adding the 'required' modifier or declaring the property as nullable. [c:\Repo\Hospital\Hospital.Models\Hospital.Models.csproj]
c:\Repo\Hospital\Hospital.Models\ApplicationUser.cs(17,23): warning CS8618: Non-nullable property 'Address' must contain a non-null value when exiting constructor. Consider adding the 'required' modifier or declaring the property as nullable. [c:\Repo\Hospital\Hospital.Models\Hospital.Models.csproj]
c:\Repo\Hospital\Hospital.Models\ApplicationUser.cs(19,23): warning CS8618: Non-nullable property 'Specialist' must contain a non-null value when exiting constructor. Consider adding the 'required' modifier or declaring the property as nullable. [c:\Repo\Hospital\Hospital.Models\Hospital.Models.csproj]
c:\Repo\Hospital\Hospital.Models\ApplicationUser.cs(21,23): warning CS8618: Non-nullable property 'PictureUri' must contain a non-null value when exiting constructor. Consider adding the 'required' modifier or declaring the property as nullable. [c:\Repo\Hospital\Hospital.Models\Hospital.Models.csproj]
c:\Repo\Hospital\Hospital.Models\ApplicationUser.cs(24,41): warning CS8618: Non-nullable property 'Appointments' must contain a non-null value when exiting constructor. Consider adding the 'required' modifier or declaring the property as nullable. [c:\Repo\Hospital\Hospital.Models\Hospital.Models.csproj]
c:\Repo\Hospital\Hospital.Models\ApplicationUser.cs(26,37): warning CS8618: Non-nullable property 'Payrolls' must contain a non-null value when exiting constructor. Consider adding the 'required' modifier or declaring the property as nullable. [c:\Repo\Hospital\Hospital.Models\Hospital.Models.csproj]
c:\Repo\Hospital\Hospital.Models\ApplicationUser.cs(27,43): warning CS8618: Non-nullable property 'PatientReports' must contain a non-null value when exiting constructor. Consider adding the 'required' modifier or declaring the property as nullable. [c:\Repo\Hospital\Hospital.Models\Hospital.Models.csproj]
c:\Repo\Hospital\Hospital.Models\Insurance.cs(12,23): warning CS8618: Non-nullable property 'PolicyNumber' must contain a non-null value when exiting constructor. Consider adding the 'required' modifier or declaring the property as nullable. [c:\Repo\Hospital\Hospital.Models\Hospital.Models.csproj]
c:\Repo\Hospital\Hospital.Models\Insurance.cs(13,23): warning CS8618: Non-nullable property 'StartDate' must contain a non-null value when exiting constructor. Consider adding the 'required' modifier or declaring the property as nullable. [c:\Repo\Hospital\Hospital.Models\Hospital.Models.csproj]
c:\Repo\Hospital\Hospital.Models\Insurance.cs(14,23): warning CS8618: Non-nullable property 'EndDate' must contain a non-null value when exiting constructor. Consider adding the 'required' modifier or declaring the property as nullable. [c:\Repo\Hospital\Hospital.Models\Hospital.Models.csproj]
c:\Repo\Hospital\Hospital.Models\Insurance.cs(15,34): warning CS8618: Non-nullable property 'Bill' must contain a non-null value when exiting constructor. Consider adding the 'required' modifier or declaring the property as nullable. [c:\Repo\Hospital\Hospital.Models\Hospital.Models.csproj]
c:\Repo\Hospital\Hospital.Models\MedicineReport.cs(12,25): warning CS8618: Non-nullable property 'Supplier' must contain a non-null value when exiting constructor. Consider adding the 'required' modifier or declaring the property as nullable. [c:\Repo\Hospital\Hospital.Models\Hospital.Models.csproj]
c:\Repo\Hospital\Hospital.Models\MedicineReport.cs(13,25): warning CS8618: Non-nullable property 'Medicine' must contain a non-null value when exiting constructor. Consider adding the 'required' modifier or declaring the property as nullable. [c:\Repo\Hospital\Hospital.Models\Hospital.Models.csproj]
c:\Repo\Hospital\Hospital.Models\MedicineReport.cs(14,23): warning CS8618: Non-nullable property 'Company' must contain a non-null value when exiting constructor. Consider adding the 'required' modifier or declaring the property as nullable. [c:\Repo\Hospital\Hospital.Models\Hospital.Models.csproj]
c:\Repo\Hospital\Hospital.Models\MedicineReport.cs(18,23): warning CS8618: Non-nullable property 'Country' must contain a non-null value when exiting constructor. Consider adding the 'required' modifier or declaring the property as nullable. [c:\Repo\Hospital\Hospital.Models\Hospital.Models.csproj]
c:\Repo\Hospital\Hospital.Models\PatientReport.cs(12,23): warning CS8618: Non-nullable property 'PatientId' must contain a non-null value when exiting constructor. Consider adding the 'required' modifier or declaring the property as nullable. [c:\Repo\Hospital\Hospital.Models\Hospital.Models.csproj]
c:\Repo\Hospital\Hospital.Models\PatientReport.cs(13,23): warning CS8618: Non-nullable property 'DoctorId' must contain a non-null value when exiting constructor. Consider adding the 'required' modifier or declaring the property as nullable. [c:\Repo\Hospital\Hospital.Models\Hospital.Models.csproj]
c:\Repo\Hospital\Hospital.Models\PatientReport.cs(14,23): warning CS8618: Non-nullable property 'Diagnose' must contain a non-null value when exiting constructor. Consider adding the 'required' modifier or declaring the property as nullable. [c:\Repo\Hospital\Hospital.Models\Hospital.Models.csproj]
c:\Repo\Hospital\Hospital.Models\PatientReport.cs(15,23): warning CS8618: Non-nullable property 'MedicineName' must contain a non-null value when exiting constructor. Consider adding the 'required' modifier or declaring the property as nullable. [c:\Repo\Hospital\Hospital.Models\Hospital.Models.csproj]
c:\Repo\Hospital\Hospital.Models\PatientReport.cs(16,32): warning CS8618: Non-nullable property 'Doctor' must contain a non-null value when exiting constructor. Consider adding the 'required' modifier or declaring the property as nullable. [c:\Repo\Hospital\Hospital.Models\Hospital.Models.csproj]
c:\Repo\Hospital\Hospital.Models\PatientReport.cs(17,32): warning CS8618: Non-nullable property 'Patient' must contain a non-null value when exiting constructor. Consider adding the 'required' modifier or declaring the property as nullable. [c:\Repo\Hospital\Hospital.Models\Hospital.Models.csproj]
c:\Repo\Hospital\Hospital.Models\PatientReport.cs(18,48): warning CS8618: Non-nullable property 'PrescribedMedicine' must contain a non-null value when exiting constructor. Consider adding the 'required' modifier or declaring the property as nullable. [c:\Repo\Hospital\Hospital.Models\Hospital.Models.csproj]
c:\Repo\Hospital\Hospital.Models\PrescribedMedicine.cs(12,25): warning CS8618: Non-nullable property 'Medicine' must contain a non-null value when exiting constructor. Consider adding the 'required' modifier or declaring the property as nullable. [c:\Repo\Hospital\Hospital.Models\Hospital.Models.csproj]
c:\Repo\Hospital\Hospital.Models\PrescribedMedicine.cs(13,30): warning CS8618: Non-nullable property 'PatientReport' must contain a non-null value when exiting constructor. Consider adding the 'required' modifier or declaring the property as nullable. [c:\Repo\Hospital\Hospital.Models\Hospital.Models.csproj]
c:\Repo\Hospital\Hospital.Models\Payroll.cs(6,32): warning CS8618: Non-nullable property 'EmployeeId' must contain a non-null value when exiting constructor. Consider adding the 'required' modifier or declaring the property as nullable. [c:\Repo\Hospital\Hospital.Models\Hospital.Models.csproj]
c:\Repo\Hospital\Hospital.Models\Payroll.cs(12,23): warning CS8618: Non-nullable property 'AccountNumber' must contain a non-null value when exiting constructor. Consider adding the 'required' modifier or declaring the property as nullable. [c:\Repo\Hospital\Hospital.Models\Hospital.Models.csproj]
c:\Repo\Hospital\Hospital.Models\TestPrice.cs(12,23): warning CS8618: Non-nullable property 'TestCode' must contain a non-null value when exiting constructor. Consider adding the 'required' modifier or declaring the property as nullable. [c:\Repo\Hospital\Hospital.Models\Hospital.Models.csproj]
c:\Repo\Hospital\Hospital.Models\TestPrice.cs(14,20): warning CS8618: Non-nullable property 'Lab' must contain a non-null value when exiting constructor. Consider adding the 'required' modifier or declaring the property as nullable. [c:\Repo\Hospital\Hospital.Models\Hospital.Models.csproj]
c:\Repo\Hospital\Hospital.Models\TestPrice.cs(15,21): warning CS8618: Non-nullable property 'Bill' must contain a non-null value when exiting constructor. Consider adding the 'required' modifier or declaring the property as nullable. [c:\Repo\Hospital\Hospital.Models\Hospital.Models.csproj]
c:\Repo\Hospital\Hospital.Models\RoomAllocation.cs(9,21): warning CS8618: Non-nullable property 'Room' must contain a non-null value when exiting constructor. Consider adding the 'required' modifier or declaring the property as nullable. [c:\Repo\Hospital\Hospital.Models\Hospital.Models.csproj]
c:\Repo\Hospital\Hospital.Models\RoomAllocation.cs(12,23): warning CS8618: Non-nullable property 'PatientId' must contain a non-null value when exiting constructor. Consider adding the 'required' modifier or declaring the property as nullable. [c:\Repo\Hospital\Hospital.Models\Hospital.Models.csproj]
c:\Repo\Hospital\Hospital.Models\RoomAllocation.cs(13,32): warning CS8618: Non-nullable property 'Patient' must contain a non-null value when exiting constructor. Consider adding the 'required' modifier or declaring the property as nullable. [c:\Repo\Hospital\Hospital.Models\Hospital.Models.csproj]
c:\Repo\Hospital\Hospital.Models\RoomAllocation.cs(15,29): warning CS8618: Non-nullable property 'Hospital' must contain a non-null value when exiting constructor. Consider adding the 'required' modifier or declaring the property as nullable. [c:\Repo\Hospital\Hospital.Models\Hospital.Models.csproj]
c:\Repo\Hospital\Hospital.Models\Supplier.cs(12,23): warning CS8618: Non-nullable property 'Company' must contain a non-null value when exiting constructor. Consider adding the 'required' modifier or declaring the property as nullable. [c:\Repo\Hospital\Hospital.Models\Hospital.Models.csproj]
c:\Repo\Hospital\Hospital.Models\Supplier.cs(13,23): warning CS8618: Non-nullable property 'Phone' must contain a non-null value when exiting constructor. Consider adding the 'required' modifier or declaring the property as nullable. [c:\Repo\Hospital\Hospital.Models\Hospital.Models.csproj]
c:\Repo\Hospital\Hospital.Models\Supplier.cs(14,23): warning CS8618: Non-nullable property 'Email' must contain a non-null value when exiting constructor. Consider adding the 'required' modifier or declaring the property as nullable. [c:\Repo\Hospital\Hospital.Models\Hospital.Models.csproj]
c:\Repo\Hospital\Hospital.Models\Supplier.cs(15,23): warning CS8618: Non-nullable property 'Address' must contain a non-null value when exiting constructor. Consider adding the 'required' modifier or declaring the property as nullable. [c:\Repo\Hospital\Hospital.Models\Hospital.Models.csproj]
c:\Repo\Hospital\Hospital.Models\Supplier.cs(16,44): warning CS8618: Non-nullable property 'MedicineReport' must contain a non-null value when exiting constructor. Consider adding the 'required' modifier or declaring the property as nullable. [c:\Repo\Hospital\Hospital.Models\Hospital.Models.csproj]
c:\Repo\Hospital\Hospital.Models\Room.cs(8,23): warning CS8618: Non-nullable property 'RoomNumber' must contain a non-null value when exiting constructor. Consider adding the 'required' modifier or declaring the property as nullable. [c:\Repo\Hospital\Hospital.Models\Hospital.Models.csproj]
c:\Repo\Hospital\Hospital.Models\Room.cs(9,23): warning CS8618: Non-nullable property 'Type' must contain a non-null value when exiting constructor. Consider adding the 'required' modifier or declaring the property as nullable. [c:\Repo\Hospital\Hospital.Models\Hospital.Models.csproj]
c:\Repo\Hospital\Hospital.Models\Room.cs(11,23): warning CS8618: Non-nullable property 'Status' must contain a non-null value when exiting constructor. Consider adding the 'required' modifier or declaring the property as nullable. [c:\Repo\Hospital\Hospital.Models\Hospital.Models.csproj]
c:\Repo\Hospital\Hospital.Models\Room.cs(13,29): warning CS8618: Non-nullable property 'Hospital' must contain a non-null value when exiting constructor. Consider adding the 'required' modifier or declaring the property as nullable. [c:\Repo\Hospital\Hospital.Models\Hospital.Models.csproj]
c:\Repo\Hospital\Hospital.Repositories\Interfaces\IGenericRepository.cs(13,48): warning CS8625: Cannot convert null literal to non-nullable reference type. [c:\Repo\Hospital\Hospital.Repositories\Hospital.Repositories.csproj]
c:\Repo\Hospital\Hospital.Repositories\Interfaces\IGenericRepository.cs(14,65): warning CS8625: Cannot convert null literal to non-nullable reference type. [c:\Repo\Hospital\Hospital.Repositories\Hospital.Repositories.csproj]
c:\Repo\Hospital\Hospital.Repositories\Implementation\GenericRepository.cs(71,73): warning CS8625: Cannot convert null literal to non-nullable reference type. [c:\Repo\Hospital\Hospital.Repositories\Hospital.Repositories.csproj]
c:\Repo\Hospital\Hospital.Repositories\Implementation\GenericRepository.cs(72,65): warning CS8625: Cannot convert null literal to non-nullable reference type. [c:\Repo\Hospital\Hospital.Repositories\Hospital.Repositories.csproj]
c:\Repo\Hospital\Hospital.Repositories\Implementation\GenericRepository.cs(28,30): warning CS1998: This async method lacks 'await' operators and will run synchronously. Consider using the 'await' operator to await non-blocking API calls, or 'await Task.Run(...)' to do CPU-bound work on a background thread. [c:\Repo\Hospital\Hospital.Repositories\Hospital.Repositories.csproj]
c:\Repo\Hospital\Hospital.Repositories\Implementation\GenericRepository.cs(42,30): warning CS1998: This async method lacks 'await' operators and will run synchronously. Consider using the 'await' operator to await non-blocking API calls, or 'await Task.Run(...)' to do CPU-bound work on a background thread. [c:\Repo\Hospital\Hospital.Repositories\Hospital.Repositories.csproj]
c:\Repo\Hospital\Hospital.Repositories\Implementation\GenericRepository.cs(97,20): warning CS8603: Possible null reference return. [c:\Repo\Hospital\Hospital.Repositories\Hospital.Repositories.csproj]
c:\Repo\Hospital\Hospital.Repositories\Implementation\GenericRepository.cs(102,20): warning CS8603: Possible null reference return. [c:\Repo\Hospital\Hospital.Repositories\Hospital.Repositories.csproj]
c:\Repo\Hospital\Hospital.Repositories\Implementation\GenericRepository.cs(111,30): warning CS1998: This async method lacks 'await' operators and will run synchronously. Consider using the 'await' operator to await non-blocking API calls, or 'await Task.Run(...)' to do CPU-bound work on a background thread. [c:\Repo\Hospital\Hospital.Repositories\Hospital.Repositories.csproj]
c:\Repo\Hospital\Hospital.Utilities\PagedResult.cs(11,16): warning CS8618: Non-nullable property 'Data' must contain a non-null value when exiting constructor. Consider adding the 'required' modifier or declaring the property as nullable. [c:\Repo\Hospital\Hospital.Utilities\Hospital.Utilities.csproj]
c:\Repo\Hospital\Hospital.Utilities\DbIntializer.cs(37,30): warning CS0168: The variable 'ex' is declared but never used [c:\Repo\Hospital\Hospital.Utilities\Hospital.Utilities.csproj]
c:\Repo\Hospital\Hospital.Web\Areas\Doctor\Controllers\DoctorsController.cs(63,28): warning CS8600: Converting null literal or possible null value to non-nullable type. [c:\Repo\Hospital\Hospital.Web\Hospital.Web.csproj]
c:\Repo\Hospital\Hospital.Web\Areas\Doctor\Controllers\DoctorsController.cs(64,26): warning CS8602: Dereference of a possibly null reference. [c:\Repo\Hospital\Hospital.Web\Hospital.Web.csproj]
c:\Repo\Hospital\Hospital.Web\Areas\Admin\Controllers\RoomsController.cs(16,16): warning CS8618: Non-nullable field '_hospitalInfo' must contain a non-null value when exiting constructor. Consider adding the 'required' modifier or declaring the field as nullable. [c:\Repo\Hospital\Hospital.Web\Hospital.Web.csproj]
c:\Repo\Hospital\Hospital.Web\Areas\Admin\Controllers\RoomsController.cs(14,31): warning CS0169: The field 'RoomsController._hospitalInfo' is never used [c:\Repo\Hospital\Hospital.Web\Hospital.Web.csproj]
    134 Warning(s)
    0 Error(s)

Time Elapsed 00:00:08.15

Workload updates are available. Run `dotnet workload list` for more information.
